[2026/09/14 05:34:03 INFO]:           __             _       
[2026/09/14 05:34:03 INFO]:   _ __   / /  ___   __ _(_)_ __  
[2026/09/14 05:34:03 INFO]:  | '_ \ / /  / _ \ / _` | | '_ \ 
[2026/09/14 05:34:03 INFO]:  | | | / /__| (_) | (_| | | | | |
[2026/09/14 05:34:03 INFO]:  |_| |_\____/\___/ \__, |_|_| |_|
[2026/09/14 05:34:03 INFO]:                   |___/            
[2026/09/14 05:34:03 INFO]:  By: www.nickuc.com - V 2.0.19
[2026/09/14 05:34:03 INFO]:  
[2026/09/14 05:34:04 DEBUG]: Loading the messages_en.yml message file...
[2026/09/14 05:34:04 DEBUG]: Messages were loaded in 470 ms (single file).
[2026/09/14 05:34:04 DEBUG]: Settings were loaded in 739 ms.
[2026/09/14 05:34:04 DEBUG]: Loading database...
[2026/09/14 05:34:04 DEBUG]: Starting logger filter...
[2026/09/14 05:34:05 INFO]: Loading packetevents-velocity 2.13.0...
[2026/09/14 05:34:52 DEBUG]: [SQLite] [UPDATE]: "UPDATE `nlogin` SET `last_name` = 'ironmanLJM', `unique_id` = d00c14c99ee33788b053a1de57b43b72,  `mojang_id` = null,  `bedrock_id` = null,  `password` = '$argon2id$v=19$m=32768,t=5,p=1$cV1I4x/4v2rpZppSpiSf+Q$aSKt9z1JsOhc50u2apJC4yxw04ExW/N/ThxC+bwFvy4', `last_ip` = '0:0:0:0:0:0:0:1', `creation_date` = 2026-09-09 03:37:34.079, `last_seen` = 2026-09-14 05:34:52.482, `email` = null, `discord` = null, `settings` = '{"settings":[{"value":"auth","key":"last-server"},{"value":"en","key":"language"}],"version":0}' WHERE `ai` = 4" (applied to [last_ip, last_seen, settings] columns)
[2026/09/14 05:34:52 INFO]: The user ironmanLJM has successfully logged in.
[2026/09/14 06:08:26 DEBUG]: [SQLite] [UPDATE]: "UPDATE `nlogin` SET `last_name` = 'ironmanLJM', `unique_id` = d00c14c99ee33788b053a1de57b43b72,  `mojang_id` = null,  `bedrock_id` = null,  `password` = '$argon2id$v=19$m=32768,t=5,p=1$cV1I4x/4v2rpZppSpiSf+Q$aSKt9z1JsOhc50u2apJC4yxw04ExW/N/ThxC+bwFvy4', `last_ip` = '0:0:0:0:0:0:0:1', `creation_date` = 2026-09-09 03:37:34.079, `last_seen` = 2026-09-14 06:08:26.197, `email` = null, `discord` = null, `settings` = '{"settings":[{"value":"survival","key":"last-server"},{"value":"en","key":"language"}],"version":0}' WHERE `ai` = 4" (applied to [last_seen, settings] columns)
[2026/09/14 06:22:48 DEBUG]: [SQLite] [UPDATE]: "UPDATE `nlogin` SET `last_name` = 'ironmanLJM', `unique_id` = d00c14c99ee33788b053a1de57b43b72,  `mojang_id` = null,  `bedrock_id` = null,  `password` = '$argon2id$v=19$m=32768,t=5,p=1$cV1I4x/4v2rpZppSpiSf+Q$aSKt9z1JsOhc50u2apJC4yxw04ExW/N/ThxC+bwFvy4', `last_ip` = '0:0:0:0:0:0:0:1', `creation_date` = 2026-09-09 03:37:34.079, `last_seen` = 2026-09-14 06:22:48.236, `email` = null, `discord` = null, `settings` = '{"settings":[{"value":"survival","key":"last-server"},{"value":"en","key":"language"}],"version":0}' WHERE `ai` = 4" (applied to [last_ip, last_seen, settings] columns)
[2026/09/14 06:22:48 INFO]: The user ironmanLJM has successfully logged in.
[2026/09/14 06:22:58 DEBUG]: [SQLite] [UPDATE]: "UPDATE `nlogin` SET `last_name` = 'ironmanLJM', `unique_id` = d00c14c99ee33788b053a1de57b43b72,  `mojang_id` = null,  `bedrock_id` = null,  `password` = '$argon2id$v=19$m=32768,t=5,p=1$cV1I4x/4v2rpZppSpiSf+Q$aSKt9z1JsOhc50u2apJC4yxw04ExW/N/ThxC+bwFvy4', `last_ip` = '0:0:0:0:0:0:0:1', `creation_date` = 2026-09-09 03:37:34.079, `last_seen` = 2026-09-14 06:22:58.73, `email` = null, `discord` = null, `settings` = '{"settings":[{"value":"survival","key":"last-server"},{"value":"en","key":"language"}],"version":0}' WHERE `ai` = 4" (applied to [last_seen, settings] columns)
