[2026/09/15 23:21:00 INFO]:           __             _       
[2026/09/15 23:21:00 INFO]:   _ __   / /  ___   __ _(_)_ __  
[2026/09/15 23:21:00 INFO]:  | '_ \ / /  / _ \ / _` | | '_ \ 
[2026/09/15 23:21:00 INFO]:  | | | / /__| (_) | (_| | | | | |
[2026/09/15 23:21:00 INFO]:  |_| |_\____/\___/ \__, |_|_| |_|
[2026/09/15 23:21:00 INFO]:                   |___/            
[2026/09/15 23:21:00 INFO]:  By: www.nickuc.com - V 2.0.19
[2026/09/15 23:21:00 INFO]:  
[2026/09/15 23:21:01 DEBUG]: Loading the messages_en.yml message file...
[2026/09/15 23:21:01 DEBUG]: Messages were loaded in 720 ms (single file).
[2026/09/15 23:21:02 DEBUG]: Settings were loaded in 1205 ms.
[2026/09/15 23:21:02 DEBUG]: Loading database...
[2026/09/15 23:21:03 DEBUG]: Starting logger filter...
[2026/09/15 23:21:04 INFO]: Loading packetevents-velocity 2.13.0...
java.lang.IllegalStateException: Player session not set for Vyqzren!
	at com.nickuc.login.εσλρΔμΔψχεθυνΔ.b(:153)
	at com.nickuc.login.ιθγΛφλμεζπκΓΓθ.b(:109)
	at com.nickuc.login.ιθγΛφλμεζπκΓΓθ.a(:51)
	at com.nickuc.login.Lmbda$51.execute(Unknown Source)
	at com.velocitypowered.proxy.event.UntargetedEventHandler$VoidHandler.lambda$buildHandler$0(UntargetedEventHandler.java:56)
	at com.velocitypowered.proxy.event.VelocityEventManager.fire(VelocityEventManager.java:677)
	at com.velocitypowered.proxy.event.VelocityEventManager.lambda$fire$0(VelocityEventManager.java:542)
	at java.base/java.util.concurrent.ThreadPoolExecutor.runWorker(ThreadPoolExecutor.java:1090)
	at java.base/java.util.concurrent.ThreadPoolExecutor$Worker.run(ThreadPoolExecutor.java:614)
	at java.base/java.lang.Thread.run(Thread.java:1474)
[2026/09/15 23:21:30 ERROR]: Severe error during PlayerChooseInitialServerEvent event (Vyqzren)
[2026/09/15 23:22:21 DEBUG]: [SQLite] [UPDATE]: "UPDATE `nlogin` SET `last_name` = 'Vyqzren', `unique_id` = f7b02e4299743b8783a17ff87122c29a,  `mojang_id` = null,  `bedrock_id` = null,  `password` = '$argon2id$v=19$m=32768,t=5,p=1$7nvu8Vglrc67gNMcG5dWFg$gFcswEJwB2xcN7ZstpQ2ANmevElDKzVE1EZ8Ninlojk', `last_ip` = '0:0:0:0:0:0:0:1', `creation_date` = 2026-09-09 22:52:42.856, `last_seen` = 2026-09-15 23:22:21.294, `email` = null, `discord` = null, `settings` = '{"settings":[{"value":"auth","key":"last-server"},{"value":"en","key":"language"}],"version":0}' WHERE `ai` = 5" (applied to [last_ip, last_seen, settings] columns)
[2026/09/15 23:22:21 INFO]: The user Vyqzren has successfully logged in.
[2026/09/15 23:22:29 DEBUG]: [SQLite] [UPDATE]: "UPDATE `nlogin` SET `last_name` = 'Vyqzren', `unique_id` = f7b02e4299743b8783a17ff87122c29a,  `mojang_id` = null,  `bedrock_id` = null,  `password` = '$argon2id$v=19$m=32768,t=5,p=1$7nvu8Vglrc67gNMcG5dWFg$gFcswEJwB2xcN7ZstpQ2ANmevElDKzVE1EZ8Ninlojk', `last_ip` = '0:0:0:0:0:0:0:1', `creation_date` = 2026-09-09 22:52:42.856, `last_seen` = 2026-09-15 23:22:28.944, `email` = null, `discord` = null, `settings` = '{"settings":[{"value":"auth","key":"last-server"},{"value":"en","key":"language"}],"version":0}' WHERE `ai` = 5" (applied to [last_seen, settings] columns)
[2026/09/15 23:22:36 DEBUG]: [SQLite] [UPDATE]: "UPDATE `nlogin` SET `last_name` = 'ironmanLJM', `unique_id` = d00c14c99ee33788b053a1de57b43b72,  `mojang_id` = null,  `bedrock_id` = null,  `password` = '$argon2id$v=19$m=32768,t=5,p=1$cV1I4x/4v2rpZppSpiSf+Q$aSKt9z1JsOhc50u2apJC4yxw04ExW/N/ThxC+bwFvy4', `last_ip` = '0:0:0:0:0:0:0:1', `creation_date` = 2026-09-09 03:37:34.079, `last_seen` = 2026-09-15 23:22:36.542, `email` = null, `discord` = null, `settings` = '{"settings":[{"value":"survival","key":"last-server"},{"value":"en","key":"language"}],"version":0}' WHERE `ai` = 4" (applied to [last_ip, last_seen, settings] columns)
[2026/09/15 23:22:36 INFO]: The user ironmanLJM has successfully logged in.
[2026/09/15 23:23:01 DEBUG]: [SQLite] [UPDATE]: "UPDATE `nlogin` SET `last_name` = 'Vyqzren', `unique_id` = f7b02e4299743b8783a17ff87122c29a,  `mojang_id` = null,  `bedrock_id` = null,  `password` = '$argon2id$v=19$m=32768,t=5,p=1$7nvu8Vglrc67gNMcG5dWFg$gFcswEJwB2xcN7ZstpQ2ANmevElDKzVE1EZ8Ninlojk', `last_ip` = '0:0:0:0:0:0:0:1', `creation_date` = 2026-09-09 22:52:42.856, `last_seen` = 2026-09-15 23:23:00.766, `email` = null, `discord` = null, `settings` = '{"settings":[{"value":"auth","key":"last-server"},{"value":"en","key":"language"}],"version":0}' WHERE `ai` = 5" (applied to [last_ip, last_seen, settings] columns)
[2026/09/15 23:23:01 INFO]: The user Vyqzren has successfully logged in.
[2026/09/15 23:24:39 DEBUG]: [SQLite] [UPDATE]: "UPDATE `nlogin` SET `last_name` = 'ironmanLJM', `unique_id` = d00c14c99ee33788b053a1de57b43b72,  `mojang_id` = null,  `bedrock_id` = null,  `password` = '$argon2id$v=19$m=32768,t=5,p=1$cV1I4x/4v2rpZppSpiSf+Q$aSKt9z1JsOhc50u2apJC4yxw04ExW/N/ThxC+bwFvy4', `last_ip` = '0:0:0:0:0:0:0:1', `creation_date` = 2026-09-09 03:37:34.079, `last_seen` = 2026-09-15 23:24:39.353, `email` = null, `discord` = null, `settings` = '{"settings":[{"value":"auth","key":"last-server"},{"value":"en","key":"language"}],"version":0}' WHERE `ai` = 4" (applied to [last_seen, settings] columns)
[2026/09/15 23:24:42 DEBUG]: [SQLite] [UPDATE]: "UPDATE `nlogin` SET `last_name` = 'Vyqzren', `unique_id` = f7b02e4299743b8783a17ff87122c29a,  `mojang_id` = null,  `bedrock_id` = null,  `password` = '$argon2id$v=19$m=32768,t=5,p=1$7nvu8Vglrc67gNMcG5dWFg$gFcswEJwB2xcN7ZstpQ2ANmevElDKzVE1EZ8Ninlojk', `last_ip` = '0:0:0:0:0:0:0:1', `creation_date` = 2026-09-09 22:52:42.856, `last_seen` = 2026-09-15 23:24:42.489, `email` = null, `discord` = null, `settings` = '{"settings":[{"value":"auth","key":"last-server"},{"value":"en","key":"language"}],"version":0}' WHERE `ai` = 5" (applied to [last_seen, settings] columns)
[2026/09/15 23:25:53 DEBUG]: [SQLite] [UPDATE]: "UPDATE `nlogin` SET `last_name` = 'ironmanLJM', `unique_id` = d00c14c99ee33788b053a1de57b43b72,  `mojang_id` = null,  `bedrock_id` = null,  `password` = '$argon2id$v=19$m=32768,t=5,p=1$cV1I4x/4v2rpZppSpiSf+Q$aSKt9z1JsOhc50u2apJC4yxw04ExW/N/ThxC+bwFvy4', `last_ip` = '0:0:0:0:0:0:0:1', `creation_date` = 2026-09-09 03:37:34.079, `last_seen` = 2026-09-15 23:25:53.064, `email` = null, `discord` = null, `settings` = '{"settings":[{"value":"auth","key":"last-server"},{"value":"en","key":"language"}],"version":0}' WHERE `ai` = 4" (applied to [last_ip, last_seen, settings] columns)
[2026/09/15 23:25:53 INFO]: The user ironmanLJM has successfully logged in.
[2026/09/15 23:26:04 DEBUG]: [SQLite] [UPDATE]: "UPDATE `nlogin` SET `last_name` = 'ironmanLJM', `unique_id` = d00c14c99ee33788b053a1de57b43b72,  `mojang_id` = null,  `bedrock_id` = null,  `password` = '$argon2id$v=19$m=32768,t=5,p=1$cV1I4x/4v2rpZppSpiSf+Q$aSKt9z1JsOhc50u2apJC4yxw04ExW/N/ThxC+bwFvy4', `last_ip` = '0:0:0:0:0:0:0:1', `creation_date` = 2026-09-09 03:37:34.079, `last_seen` = 2026-09-15 23:26:04.484, `email` = null, `discord` = null, `settings` = '{"settings":[{"value":"auth","key":"last-server"},{"value":"en","key":"language"}],"version":0}' WHERE `ai` = 4" (applied to [last_seen, settings] columns)
[2026/09/15 23:26:51 DEBUG]: [SQLite] [UPDATE]: "UPDATE `nlogin` SET `last_name` = 'WaveFire0110', `unique_id` = 6780220104a13121bbdcc1a9325e5992,  `mojang_id` = null,  `bedrock_id` = null,  `password` = '$argon2id$v=19$m=32768,t=5,p=1$riYd/Wi4yyzJo4dECBRC4w$hIAtRAFaW32oZ8rRbCTsbZYtkALlfLgX2wQGHvPNFUE', `last_ip` = '0:0:0:0:0:0:0:1', `creation_date` = 2026-09-15 23:17:13.073, `last_seen` = 2026-09-15 23:26:51.06, `email` = null, `discord` = null, `settings` = '{"settings":[{"value":"en","key":"language"}],"version":0}' WHERE `ai` = 11" (applied to [last_ip, last_seen, settings] columns)
[2026/09/15 23:26:51 INFO]: The user WaveFire0110 has successfully logged in.
[2026/09/15 23:26:53 DEBUG]: [SQLite] [UPDATE]: "UPDATE `nlogin` SET `last_name` = 'ironmanLJM', `unique_id` = d00c14c99ee33788b053a1de57b43b72,  `mojang_id` = null,  `bedrock_id` = null,  `password` = '$argon2id$v=19$m=32768,t=5,p=1$cV1I4x/4v2rpZppSpiSf+Q$aSKt9z1JsOhc50u2apJC4yxw04ExW/N/ThxC+bwFvy4', `last_ip` = '0:0:0:0:0:0:0:1', `creation_date` = 2026-09-09 03:37:34.079, `last_seen` = 2026-09-15 23:26:53.564, `email` = null, `discord` = null, `settings` = '{"settings":[{"value":"auth","key":"last-server"},{"value":"en","key":"language"}],"version":0}' WHERE `ai` = 4" (applied to [last_ip, last_seen, settings] columns)
[2026/09/15 23:26:53 INFO]: The user ironmanLJM has successfully logged in.
[2026/09/15 23:27:45 DEBUG]: [SQLite] [UPDATE]: "UPDATE `nlogin` SET `last_name` = 'Vyqzren', `unique_id` = f7b02e4299743b8783a17ff87122c29a,  `mojang_id` = null,  `bedrock_id` = null,  `password` = '$argon2id$v=19$m=32768,t=5,p=1$7nvu8Vglrc67gNMcG5dWFg$gFcswEJwB2xcN7ZstpQ2ANmevElDKzVE1EZ8Ninlojk', `last_ip` = '0:0:0:0:0:0:0:1', `creation_date` = 2026-09-09 22:52:42.856, `last_seen` = 2026-09-15 23:27:45.559, `email` = null, `discord` = null, `settings` = '{"settings":[{"value":"auth","key":"last-server"},{"value":"en","key":"language"}],"version":0}' WHERE `ai` = 5" (applied to [last_ip, last_seen, settings] columns)
[2026/09/15 23:27:45 INFO]: The user Vyqzren has successfully logged in.
[2026/09/15 23:29:56 DEBUG]: [SQLite] [UPDATE]: "UPDATE `nlogin` SET `last_name` = 'WaveFire0110', `unique_id` = 6780220104a13121bbdcc1a9325e5992,  `mojang_id` = null,  `bedrock_id` = null,  `password` = '$argon2id$v=19$m=32768,t=5,p=1$riYd/Wi4yyzJo4dECBRC4w$hIAtRAFaW32oZ8rRbCTsbZYtkALlfLgX2wQGHvPNFUE', `last_ip` = '0:0:0:0:0:0:0:1', `creation_date` = 2026-09-15 23:17:13.073, `last_seen` = 2026-09-15 23:29:55.805, `email` = null, `discord` = null, `settings` = '{"settings":[{"value":"en","key":"language"},{"value":"survival","key":"last-server"}],"version":0}' WHERE `ai` = 11" (applied to [last_seen, settings] columns)
[2026/09/15 23:30:04 DEBUG]: [SQLite] [UPDATE]: "UPDATE `nlogin` SET `last_name` = 'Vyqzren', `unique_id` = f7b02e4299743b8783a17ff87122c29a,  `mojang_id` = null,  `bedrock_id` = null,  `password` = '$argon2id$v=19$m=32768,t=5,p=1$7nvu8Vglrc67gNMcG5dWFg$gFcswEJwB2xcN7ZstpQ2ANmevElDKzVE1EZ8Ninlojk', `last_ip` = '0:0:0:0:0:0:0:1', `creation_date` = 2026-09-09 22:52:42.856, `last_seen` = 2026-09-15 23:30:03.917, `email` = null, `discord` = null, `settings` = '{"settings":[{"value":"auth","key":"last-server"},{"value":"en","key":"language"}],"version":0}' WHERE `ai` = 5" (applied to [last_seen, settings] columns)
[2026/09/15 23:30:14 DEBUG]: [SQLite] [UPDATE]: "UPDATE `nlogin` SET `last_name` = 'WaveFire0110', `unique_id` = 6780220104a13121bbdcc1a9325e5992,  `mojang_id` = null,  `bedrock_id` = null,  `password` = '$argon2id$v=19$m=32768,t=5,p=1$riYd/Wi4yyzJo4dECBRC4w$hIAtRAFaW32oZ8rRbCTsbZYtkALlfLgX2wQGHvPNFUE', `last_ip` = '0:0:0:0:0:0:0:1', `creation_date` = 2026-09-15 23:17:13.073, `last_seen` = 2026-09-15 23:30:14.199, `email` = null, `discord` = null, `settings` = '{"settings":[{"value":"en","key":"language"},{"value":"survival","key":"last-server"}],"version":0}' WHERE `ai` = 11" (applied to [last_ip, last_seen, settings] columns)
[2026/09/15 23:30:14 INFO]: The user WaveFire0110 has successfully logged in.
[2026/09/15 23:30:19 DEBUG]: [SQLite] [UPDATE]: "UPDATE `nlogin` SET `last_name` = 'WaveFire0110', `unique_id` = 6780220104a13121bbdcc1a9325e5992,  `mojang_id` = null,  `bedrock_id` = null,  `password` = '$argon2id$v=19$m=32768,t=5,p=1$riYd/Wi4yyzJo4dECBRC4w$hIAtRAFaW32oZ8rRbCTsbZYtkALlfLgX2wQGHvPNFUE', `last_ip` = '0:0:0:0:0:0:0:1', `creation_date` = 2026-09-15 23:17:13.073, `last_seen` = 2026-09-15 23:30:19.697, `email` = null, `discord` = null, `settings` = '{"settings":[{"value":"en","key":"language"},{"value":"survival","key":"last-server"}],"version":0}' WHERE `ai` = 11" (applied to [last_seen, settings] columns)
[2026/09/15 23:30:19 DEBUG]: [SQLite] [UPDATE]: "UPDATE `nlogin` SET `last_name` = 'ironmanLJM', `unique_id` = d00c14c99ee33788b053a1de57b43b72,  `mojang_id` = null,  `bedrock_id` = null,  `password` = '$argon2id$v=19$m=32768,t=5,p=1$cV1I4x/4v2rpZppSpiSf+Q$aSKt9z1JsOhc50u2apJC4yxw04ExW/N/ThxC+bwFvy4', `last_ip` = '0:0:0:0:0:0:0:1', `creation_date` = 2026-09-09 03:37:34.079, `last_seen` = 2026-09-15 23:30:19.72, `email` = null, `discord` = null, `settings` = '{"settings":[{"value":"auth","key":"last-server"},{"value":"en","key":"language"}],"version":0}' WHERE `ai` = 4" (applied to [last_seen, settings] columns)
