[2026/09/13 06:52:51 INFO]:           __             _       
[2026/09/13 06:52:51 INFO]:   _ __   / /  ___   __ _(_)_ __  
[2026/09/13 06:52:51 INFO]:  | '_ \ / /  / _ \ / _` | | '_ \ 
[2026/09/13 06:52:51 INFO]:  | | | / /__| (_) | (_| | | | | |
[2026/09/13 06:52:51 INFO]:  |_| |_\____/\___/ \__, |_|_| |_|
[2026/09/13 06:52:51 INFO]:                   |___/            
[2026/09/13 06:52:51 INFO]:  By: www.nickuc.com - V 2.0.19
[2026/09/13 06:52:51 INFO]:  
[2026/09/13 06:52:51 DEBUG]: Loading the messages_en.yml message file...
[2026/09/13 06:52:51 DEBUG]: Messages were loaded in 455 ms (single file).
[2026/09/13 06:52:51 DEBUG]: Settings were loaded in 567 ms.
[2026/09/13 06:52:51 DEBUG]: Loading database...
[2026/09/13 06:52:52 DEBUG]: Starting logger filter...
[2026/09/13 06:52:52 INFO]: Loading packetevents-velocity 2.13.0...
[2026/09/13 06:54:28 DEBUG]: [SQLite] [UPDATE]: "UPDATE `nlogin` SET `last_name` = 'ironmanLJM', `unique_id` = d00c14c99ee33788b053a1de57b43b72,  `mojang_id` = null,  `bedrock_id` = null,  `password` = '$argon2id$v=19$m=32768,t=5,p=1$cV1I4x/4v2rpZppSpiSf+Q$aSKt9z1JsOhc50u2apJC4yxw04ExW/N/ThxC+bwFvy4', `last_ip` = '0:0:0:0:0:0:0:1', `creation_date` = 2026-09-09 03:37:34.079, `last_seen` = 2026-09-13 06:54:28.568, `email` = null, `discord` = null, `settings` = '{"settings":[{"value":"survival","key":"last-server"},{"value":"en","key":"language"}],"version":0}' WHERE `ai` = 4" (applied to [last_ip, last_seen, settings] columns)
[2026/09/13 06:54:28 INFO]: The user ironmanLJM has successfully logged in.
[2026/09/13 08:18:43 DEBUG]: [SQLite] [UPDATE]: "UPDATE `nlogin` SET `last_name` = 'ironmanLJM', `unique_id` = d00c14c99ee33788b053a1de57b43b72,  `mojang_id` = null,  `bedrock_id` = null,  `password` = '$argon2id$v=19$m=32768,t=5,p=1$cV1I4x/4v2rpZppSpiSf+Q$aSKt9z1JsOhc50u2apJC4yxw04ExW/N/ThxC+bwFvy4', `last_ip` = '0:0:0:0:0:0:0:1', `creation_date` = 2026-09-09 03:37:34.079, `last_seen` = 2026-09-13 08:18:43.979, `email` = null, `discord` = null, `settings` = '{"settings":[{"value":"survival","key":"last-server"},{"value":"en","key":"language"}],"version":0}' WHERE `ai` = 4" (applied to [last_seen, settings] columns)
[2026/09/13 08:21:31 DEBUG]: [SQLite] [UPDATE]: "UPDATE `nlogin` SET `last_name` = 'Vyqzren', `unique_id` = f7b02e4299743b8783a17ff87122c29a,  `mojang_id` = null,  `bedrock_id` = null,  `password` = '$argon2id$v=19$m=32768,t=5,p=1$7nvu8Vglrc67gNMcG5dWFg$gFcswEJwB2xcN7ZstpQ2ANmevElDKzVE1EZ8Ninlojk', `last_ip` = '0:0:0:0:0:0:0:1', `creation_date` = 2026-09-09 22:52:42.856, `last_seen` = 2026-09-13 08:21:31.96, `email` = null, `discord` = null, `settings` = '{"settings":[{"value":"survival","key":"last-server"},{"value":"en","key":"language"}],"version":0}' WHERE `ai` = 5" (applied to [last_ip, last_seen, settings] columns)
[2026/09/13 08:21:31 INFO]: The user Vyqzren has successfully logged in.
[2026/09/13 08:37:32 DEBUG]: The ironmanLJM (0:0:0:0:0:0:0:1) player entered an incorrect password
[2026/09/13 08:37:39 DEBUG]: [SQLite] [UPDATE]: "UPDATE `nlogin` SET `last_name` = 'ironmanLJM', `unique_id` = d00c14c99ee33788b053a1de57b43b72,  `mojang_id` = null,  `bedrock_id` = null,  `password` = '$argon2id$v=19$m=32768,t=5,p=1$cV1I4x/4v2rpZppSpiSf+Q$aSKt9z1JsOhc50u2apJC4yxw04ExW/N/ThxC+bwFvy4', `last_ip` = '0:0:0:0:0:0:0:1', `creation_date` = 2026-09-09 03:37:34.079, `last_seen` = 2026-09-13 08:37:39.12, `email` = null, `discord` = null, `settings` = '{"settings":[{"value":"survival","key":"last-server"},{"value":"en","key":"language"}],"version":0}' WHERE `ai` = 4" (applied to [last_ip, last_seen, settings] columns)
[2026/09/13 08:37:39 INFO]: The user ironmanLJM has successfully logged in.
[2026/09/13 08:44:02 DEBUG]: [SQLite] [UPDATE]: "UPDATE `nlogin` SET `last_name` = 'ironmanLJM', `unique_id` = d00c14c99ee33788b053a1de57b43b72,  `mojang_id` = null,  `bedrock_id` = null,  `password` = '$argon2id$v=19$m=32768,t=5,p=1$cV1I4x/4v2rpZppSpiSf+Q$aSKt9z1JsOhc50u2apJC4yxw04ExW/N/ThxC+bwFvy4', `last_ip` = '0:0:0:0:0:0:0:1', `creation_date` = 2026-09-09 03:37:34.079, `last_seen` = 2026-09-13 08:44:02.427, `email` = null, `discord` = null, `settings` = '{"settings":[{"value":"auth","key":"last-server"},{"value":"en","key":"language"}],"version":0}' WHERE `ai` = 4" (applied to [last_seen, settings] columns)
[2026/09/13 08:49:03 DEBUG]: [SQLite] [UPDATE]: "UPDATE `nlogin` SET `last_name` = 'Vyqzren', `unique_id` = f7b02e4299743b8783a17ff87122c29a,  `mojang_id` = null,  `bedrock_id` = null,  `password` = '$argon2id$v=19$m=32768,t=5,p=1$7nvu8Vglrc67gNMcG5dWFg$gFcswEJwB2xcN7ZstpQ2ANmevElDKzVE1EZ8Ninlojk', `last_ip` = '0:0:0:0:0:0:0:1', `creation_date` = 2026-09-09 22:52:42.856, `last_seen` = 2026-09-13 08:49:03.71, `email` = null, `discord` = null, `settings` = '{"settings":[{"value":"auth","key":"last-server"},{"value":"en","key":"language"}],"version":0}' WHERE `ai` = 5" (applied to [last_seen, settings] columns)
[2026/09/13 08:49:38 DEBUG]: [SQLite] [UPDATE]: "UPDATE `nlogin` SET `last_name` = 'ironmanLJM', `unique_id` = d00c14c99ee33788b053a1de57b43b72,  `mojang_id` = null,  `bedrock_id` = null,  `password` = '$argon2id$v=19$m=32768,t=5,p=1$cV1I4x/4v2rpZppSpiSf+Q$aSKt9z1JsOhc50u2apJC4yxw04ExW/N/ThxC+bwFvy4', `last_ip` = '0:0:0:0:0:0:0:1', `creation_date` = 2026-09-09 03:37:34.079, `last_seen` = 2026-09-13 08:49:38.525, `email` = null, `discord` = null, `settings` = '{"settings":[{"value":"auth","key":"last-server"},{"value":"en","key":"language"}],"version":0}' WHERE `ai` = 4" (applied to [last_ip, last_seen, settings] columns)
[2026/09/13 08:49:38 INFO]: The user ironmanLJM has successfully logged in.
[2026/09/13 08:50:39 DEBUG]: [SQLite] [UPDATE]: "UPDATE `nlogin` SET `last_name` = 'Vyqzren', `unique_id` = f7b02e4299743b8783a17ff87122c29a,  `mojang_id` = null,  `bedrock_id` = null,  `password` = '$argon2id$v=19$m=32768,t=5,p=1$7nvu8Vglrc67gNMcG5dWFg$gFcswEJwB2xcN7ZstpQ2ANmevElDKzVE1EZ8Ninlojk', `last_ip` = '0:0:0:0:0:0:0:1', `creation_date` = 2026-09-09 22:52:42.856, `last_seen` = 2026-09-13 08:50:39.566, `email` = null, `discord` = null, `settings` = '{"settings":[{"value":"auth","key":"last-server"},{"value":"en","key":"language"}],"version":0}' WHERE `ai` = 5" (applied to [last_ip, last_seen, settings] columns)
[2026/09/13 08:50:39 INFO]: The user Vyqzren has successfully logged in.
[2026/09/13 08:51:40 DEBUG]: [SQLite] [UPDATE]: "UPDATE `nlogin` SET `last_name` = 'ironmanLJM', `unique_id` = d00c14c99ee33788b053a1de57b43b72,  `mojang_id` = null,  `bedrock_id` = null,  `password` = '$argon2id$v=19$m=32768,t=5,p=1$cV1I4x/4v2rpZppSpiSf+Q$aSKt9z1JsOhc50u2apJC4yxw04ExW/N/ThxC+bwFvy4', `last_ip` = '0:0:0:0:0:0:0:1', `creation_date` = 2026-09-09 03:37:34.079, `last_seen` = 2026-09-13 08:51:40.1, `email` = null, `discord` = null, `settings` = '{"settings":[{"value":"survival","key":"last-server"},{"value":"en","key":"language"}],"version":0}' WHERE `ai` = 4" (applied to [last_seen, settings] columns)
[2026/09/13 08:55:21 DEBUG]: [SQLite] [UPDATE]: "UPDATE `nlogin` SET `last_name` = 'Vyqzren', `unique_id` = f7b02e4299743b8783a17ff87122c29a,  `mojang_id` = null,  `bedrock_id` = null,  `password` = '$argon2id$v=19$m=32768,t=5,p=1$7nvu8Vglrc67gNMcG5dWFg$gFcswEJwB2xcN7ZstpQ2ANmevElDKzVE1EZ8Ninlojk', `last_ip` = '0:0:0:0:0:0:0:1', `creation_date` = 2026-09-09 22:52:42.856, `last_seen` = 2026-09-13 08:55:21.863, `email` = null, `discord` = null, `settings` = '{"settings":[{"value":"auth","key":"last-server"},{"value":"en","key":"language"}],"version":0}' WHERE `ai` = 5" (applied to [last_seen, settings] columns)
[2026/09/13 08:56:00 DEBUG]: [SQLite] [UPDATE]: "UPDATE `nlogin` SET `last_name` = 'Vyqzren', `unique_id` = f7b02e4299743b8783a17ff87122c29a,  `mojang_id` = null,  `bedrock_id` = null,  `password` = '$argon2id$v=19$m=32768,t=5,p=1$7nvu8Vglrc67gNMcG5dWFg$gFcswEJwB2xcN7ZstpQ2ANmevElDKzVE1EZ8Ninlojk', `last_ip` = '0:0:0:0:0:0:0:1', `creation_date` = 2026-09-09 22:52:42.856, `last_seen` = 2026-09-13 08:56:00.411, `email` = null, `discord` = null, `settings` = '{"settings":[{"value":"auth","key":"last-server"},{"value":"en","key":"language"}],"version":0}' WHERE `ai` = 5" (applied to [last_ip, last_seen, settings] columns)
[2026/09/13 08:56:00 INFO]: The user Vyqzren has successfully logged in.
[2026/09/13 09:24:01 DEBUG]: [SQLite] [UPDATE]: "UPDATE `nlogin` SET `last_name` = 'Vyqzren', `unique_id` = f7b02e4299743b8783a17ff87122c29a,  `mojang_id` = null,  `bedrock_id` = null,  `password` = '$argon2id$v=19$m=32768,t=5,p=1$7nvu8Vglrc67gNMcG5dWFg$gFcswEJwB2xcN7ZstpQ2ANmevElDKzVE1EZ8Ninlojk', `last_ip` = '0:0:0:0:0:0:0:1', `creation_date` = 2026-09-09 22:52:42.856, `last_seen` = 2026-09-13 09:24:01.458, `email` = null, `discord` = null, `settings` = '{"settings":[{"value":"auth","key":"last-server"},{"value":"en","key":"language"}],"version":0}' WHERE `ai` = 5" (applied to [last_seen, settings] columns)
[2026/09/13 09:26:52 DEBUG]: [SQLite] [UPDATE]: "UPDATE `nlogin` SET `last_name` = 'Vyqzren', `unique_id` = f7b02e4299743b8783a17ff87122c29a,  `mojang_id` = null,  `bedrock_id` = null,  `password` = '$argon2id$v=19$m=32768,t=5,p=1$7nvu8Vglrc67gNMcG5dWFg$gFcswEJwB2xcN7ZstpQ2ANmevElDKzVE1EZ8Ninlojk', `last_ip` = '0:0:0:0:0:0:0:1', `creation_date` = 2026-09-09 22:52:42.856, `last_seen` = 2026-09-13 09:26:52.935, `email` = null, `discord` = null, `settings` = '{"settings":[{"value":"auth","key":"last-server"},{"value":"en","key":"language"}],"version":0}' WHERE `ai` = 5" (applied to [last_ip, last_seen, settings] columns)
[2026/09/13 09:26:52 INFO]: The user Vyqzren has successfully logged in.
[2026/09/13 09:47:51 DEBUG]: [SQLite] [UPDATE]: "UPDATE `nlogin` SET `last_name` = 'Vyqzren', `unique_id` = f7b02e4299743b8783a17ff87122c29a,  `mojang_id` = null,  `bedrock_id` = null,  `password` = '$argon2id$v=19$m=32768,t=5,p=1$7nvu8Vglrc67gNMcG5dWFg$gFcswEJwB2xcN7ZstpQ2ANmevElDKzVE1EZ8Ninlojk', `last_ip` = '0:0:0:0:0:0:0:1', `creation_date` = 2026-09-09 22:52:42.856, `last_seen` = 2026-09-13 09:47:51.754, `email` = null, `discord` = null, `settings` = '{"settings":[{"value":"auth","key":"last-server"},{"value":"en","key":"language"}],"version":0}' WHERE `ai` = 5" (applied to [last_seen, settings] columns)
[2026/09/13 09:47:58 DEBUG]: [SQLite] [UPDATE]: "UPDATE `nlogin` SET `last_name` = 'Vyqzren', `unique_id` = f7b02e4299743b8783a17ff87122c29a,  `mojang_id` = null,  `bedrock_id` = null,  `password` = '$argon2id$v=19$m=32768,t=5,p=1$7nvu8Vglrc67gNMcG5dWFg$gFcswEJwB2xcN7ZstpQ2ANmevElDKzVE1EZ8Ninlojk', `last_ip` = '0:0:0:0:0:0:0:1', `creation_date` = 2026-09-09 22:52:42.856, `last_seen` = 2026-09-13 09:47:58.014, `email` = null, `discord` = null, `settings` = '{"settings":[{"value":"auth","key":"last-server"},{"value":"en","key":"language"}],"version":0}' WHERE `ai` = 5" (applied to [last_ip, last_seen, settings] columns)
[2026/09/13 09:47:58 INFO]: The user Vyqzren has successfully logged in.
[2026/09/13 09:54:03 DEBUG]: [SQLite] [UPDATE]: "UPDATE `nlogin` SET `last_name` = 'Vyqzren', `unique_id` = f7b02e4299743b8783a17ff87122c29a,  `mojang_id` = null,  `bedrock_id` = null,  `password` = '$argon2id$v=19$m=32768,t=5,p=1$7nvu8Vglrc67gNMcG5dWFg$gFcswEJwB2xcN7ZstpQ2ANmevElDKzVE1EZ8Ninlojk', `last_ip` = '0:0:0:0:0:0:0:1', `creation_date` = 2026-09-09 22:52:42.856, `last_seen` = 2026-09-13 09:54:03.593, `email` = null, `discord` = null, `settings` = '{"settings":[{"value":"survival","key":"last-server"},{"value":"en","key":"language"}],"version":0}' WHERE `ai` = 5" (applied to [last_seen, settings] columns)
[2026/09/13 10:05:15 INFO]: Successful plugin core shutdown (took 0.00s)
