[2026/09/16 04:09:38 INFO]:           __             _       
[2026/09/16 04:09:38 INFO]:   _ __   / /  ___   __ _(_)_ __  
[2026/09/16 04:09:38 INFO]:  | '_ \ / /  / _ \ / _` | | '_ \ 
[2026/09/16 04:09:38 INFO]:  | | | / /__| (_) | (_| | | | | |
[2026/09/16 04:09:38 INFO]:  |_| |_\____/\___/ \__, |_|_| |_|
[2026/09/16 04:09:38 INFO]:                   |___/            
[2026/09/16 04:09:38 INFO]:  By: www.nickuc.com - V 2.0.19
[2026/09/16 04:09:38 INFO]:  
[2026/09/16 04:09:40 DEBUG]: Loading the messages_en.yml message file...
[2026/09/16 04:09:40 DEBUG]: Messages were loaded in 757 ms (single file).
[2026/09/16 04:09:40 DEBUG]: Settings were loaded in 1285 ms.
[2026/09/16 04:09:40 DEBUG]: Loading database...
[2026/09/16 04:09:41 DEBUG]: Starting logger filter...
[2026/09/16 04:09:42 INFO]: Loading packetevents-velocity 2.13.0...
[2026/09/16 04:10:54 DEBUG]: [SQLite] [UPDATE]: "UPDATE `nlogin` SET `last_name` = 'ironmanLJM', `unique_id` = d00c14c99ee33788b053a1de57b43b72,  `mojang_id` = null,  `bedrock_id` = null,  `password` = '$argon2id$v=19$m=32768,t=5,p=1$cV1I4x/4v2rpZppSpiSf+Q$aSKt9z1JsOhc50u2apJC4yxw04ExW/N/ThxC+bwFvy4', `last_ip` = '0:0:0:0:0:0:0:1', `creation_date` = 2026-09-09 03:37:34.079, `last_seen` = 2026-09-16 04:10:54.678, `email` = null, `discord` = null, `settings` = '{"settings":[{"value":"survival","key":"last-server"},{"value":"en","key":"language"}],"version":0}' WHERE `ai` = 4" (applied to [last_ip, last_seen, settings] columns)
[2026/09/16 04:10:54 INFO]: The user ironmanLJM has successfully logged in.
[2026/09/16 04:11:16 DEBUG]: [SQLite] [UPDATE]: "UPDATE `nlogin` SET `last_name` = 'Dill_Pickle_', `unique_id` = 0e2c972cf39c37b3b41e956f9e53ef4e,  `mojang_id` = null,  `bedrock_id` = null,  `password` = '$argon2id$v=19$m=32768,t=5,p=1$TqHBztSVhJVMDjbnsshD+A$XbC8SwSP+fMKiKhP82NCDVN4cibWJwyuVU5SYW1NOME', `last_ip` = '0:0:0:0:0:0:0:1', `creation_date` = 2026-09-13 22:53:39.571, `last_seen` = 2026-09-16 04:11:16.557, `email` = null, `discord` = null, `settings` = '{"settings":[{"value":"en","key":"language"},{"value":"survival","key":"last-server"}],"version":0}' WHERE `ai` = 7" (applied to [last_ip, last_seen, settings] columns)
[2026/09/16 04:11:16 INFO]: The user Dill_Pickle_ has successfully logged in.
[2026/09/16 04:11:18 DEBUG]: [SQLite] [UPDATE]: "UPDATE `nlogin` SET `last_name` = 'WaveFire0110', `unique_id` = 6780220104a13121bbdcc1a9325e5992,  `mojang_id` = null,  `bedrock_id` = null,  `password` = '$argon2id$v=19$m=32768,t=5,p=1$riYd/Wi4yyzJo4dECBRC4w$hIAtRAFaW32oZ8rRbCTsbZYtkALlfLgX2wQGHvPNFUE', `last_ip` = '0:0:0:0:0:0:0:1', `creation_date` = 2026-09-15 23:17:13.073, `last_seen` = 2026-09-16 04:11:18.921, `email` = null, `discord` = null, `settings` = '{"settings":[{"value":"en","key":"language"},{"value":"survival","key":"last-server"}],"version":0}' WHERE `ai` = 11" (applied to [last_ip, last_seen, settings] columns)
[2026/09/16 04:11:18 INFO]: The user WaveFire0110 has successfully logged in.
[2026/09/16 04:11:33 DEBUG]: [SQLite] [UPDATE]: "UPDATE `nlogin` SET `last_name` = 'dark67', `unique_id` = 41942e52395335f595f8cfdda10d1924,  `mojang_id` = null,  `bedrock_id` = null,  `password` = '$argon2id$v=19$m=32768,t=5,p=1$JJ9sug1BtCvO9wczkZvbxQ$alAIJafJSofmZWhOjyVd7reEvkaGOp/CWmtUyB7pqsA', `last_ip` = '0:0:0:0:0:0:0:1', `creation_date` = 2026-09-11 01:09:16.896, `last_seen` = 2026-09-16 04:11:32.955, `email` = null, `discord` = null, `settings` = '{"settings":[{"value":"survival","key":"last-server"},{"value":"en","key":"language"}],"version":0}' WHERE `ai` = 6" (applied to [last_ip, last_seen, settings] columns)
[2026/09/16 04:11:33 INFO]: The user dark67 has successfully logged in.
[2026/09/16 04:11:39 DEBUG]: [SQLite] [UPDATE]: "UPDATE `nlogin` SET `last_name` = 'ironmanLJM', `unique_id` = d00c14c99ee33788b053a1de57b43b72,  `mojang_id` = null,  `bedrock_id` = null,  `password` = '$argon2id$v=19$m=32768,t=5,p=1$cV1I4x/4v2rpZppSpiSf+Q$aSKt9z1JsOhc50u2apJC4yxw04ExW/N/ThxC+bwFvy4', `last_ip` = '0:0:0:0:0:0:0:1', `creation_date` = 2026-09-09 03:37:34.079, `last_seen` = 2026-09-16 04:11:38.64, `email` = null, `discord` = null, `settings` = '{"settings":[{"value":"survival","key":"last-server"},{"value":"en","key":"language"}],"version":0}' WHERE `ai` = 4" (applied to [last_seen, settings] columns)
[2026/09/16 04:11:46 DEBUG]: [SQLite] [UPDATE]: "UPDATE `nlogin` SET `last_name` = 'ironmanLJM', `unique_id` = d00c14c99ee33788b053a1de57b43b72,  `mojang_id` = null,  `bedrock_id` = null,  `password` = '$argon2id$v=19$m=32768,t=5,p=1$cV1I4x/4v2rpZppSpiSf+Q$aSKt9z1JsOhc50u2apJC4yxw04ExW/N/ThxC+bwFvy4', `last_ip` = '0:0:0:0:0:0:0:1', `creation_date` = 2026-09-09 03:37:34.079, `last_seen` = 2026-09-16 04:11:46.226, `email` = null, `discord` = null, `settings` = '{"settings":[{"value":"survival","key":"last-server"},{"value":"en","key":"language"}],"version":0}' WHERE `ai` = 4" (applied to [last_ip, last_seen, settings] columns)
[2026/09/16 04:11:46 INFO]: The user ironmanLJM has successfully logged in.
[2026/09/16 04:12:05 DEBUG]: [SQLite] [UPDATE]: "UPDATE `nlogin` SET `last_name` = 'blueberryhill', `unique_id` = c7354076f9103f838e34cbe09ec4023d,  `mojang_id` = null,  `bedrock_id` = null,  `password` = '$argon2id$v=19$m=32768,t=5,p=1$baSqx/mkxBXz/602zaITOw$MqTAYOc15nluHPOD1VMR1ITdMyEg51/ZIoHflOaQRVU', `last_ip` = '0:0:0:0:0:0:0:1', `creation_date` = 2026-09-15 03:34:06.582, `last_seen` = 2026-09-16 04:12:05.223, `email` = null, `discord` = null, `settings` = '{"settings":[{"value":"survival","key":"last-server"},{"value":"en","key":"language"}],"version":0}' WHERE `ai` = 10" (applied to [last_ip, last_seen, settings] columns)
[2026/09/16 04:12:05 INFO]: The user blueberryhill has successfully logged in.
[2026/09/16 04:12:10 DEBUG]: [SQLite] [UPDATE]: "UPDATE `nlogin` SET `last_name` = 'ironmanLJM', `unique_id` = d00c14c99ee33788b053a1de57b43b72,  `mojang_id` = null,  `bedrock_id` = null,  `password` = '$argon2id$v=19$m=32768,t=5,p=1$cV1I4x/4v2rpZppSpiSf+Q$aSKt9z1JsOhc50u2apJC4yxw04ExW/N/ThxC+bwFvy4', `last_ip` = '0:0:0:0:0:0:0:1', `creation_date` = 2026-09-09 03:37:34.079, `last_seen` = 2026-09-16 04:12:10.653, `email` = null, `discord` = null, `settings` = '{"settings":[{"value":"survival","key":"last-server"},{"value":"en","key":"language"}],"version":0}' WHERE `ai` = 4" (applied to [last_seen, settings] columns)
[2026/09/16 04:12:19 DEBUG]: [SQLite] [UPDATE]: "UPDATE `nlogin` SET `last_name` = 'ironmanLJM', `unique_id` = d00c14c99ee33788b053a1de57b43b72,  `mojang_id` = null,  `bedrock_id` = null,  `password` = '$argon2id$v=19$m=32768,t=5,p=1$cV1I4x/4v2rpZppSpiSf+Q$aSKt9z1JsOhc50u2apJC4yxw04ExW/N/ThxC+bwFvy4', `last_ip` = '0:0:0:0:0:0:0:1', `creation_date` = 2026-09-09 03:37:34.079, `last_seen` = 2026-09-16 04:12:18.985, `email` = null, `discord` = null, `settings` = '{"settings":[{"value":"survival","key":"last-server"},{"value":"en","key":"language"}],"version":0}' WHERE `ai` = 4" (applied to [last_ip, last_seen, settings] columns)
[2026/09/16 04:12:19 INFO]: The user ironmanLJM has successfully logged in.
[2026/09/16 04:12:47 DEBUG]: [SQLite] [UPDATE]: "UPDATE `nlogin` SET `last_name` = 'WaveFire0110', `unique_id` = 6780220104a13121bbdcc1a9325e5992,  `mojang_id` = null,  `bedrock_id` = null,  `password` = '$argon2id$v=19$m=32768,t=5,p=1$riYd/Wi4yyzJo4dECBRC4w$hIAtRAFaW32oZ8rRbCTsbZYtkALlfLgX2wQGHvPNFUE', `last_ip` = '0:0:0:0:0:0:0:1', `creation_date` = 2026-09-15 23:17:13.073, `last_seen` = 2026-09-16 04:12:47.121, `email` = null, `discord` = null, `settings` = '{"settings":[{"value":"en","key":"language"},{"value":"survival","key":"last-server"}],"version":0}' WHERE `ai` = 11" (applied to [last_seen, settings] columns)
[2026/09/16 04:12:56 DEBUG]: [SQLite] [UPDATE]: "UPDATE `nlogin` SET `last_name` = 'ironmanLJM', `unique_id` = d00c14c99ee33788b053a1de57b43b72,  `mojang_id` = null,  `bedrock_id` = null,  `password` = '$argon2id$v=19$m=32768,t=5,p=1$cV1I4x/4v2rpZppSpiSf+Q$aSKt9z1JsOhc50u2apJC4yxw04ExW/N/ThxC+bwFvy4', `last_ip` = '0:0:0:0:0:0:0:1', `creation_date` = 2026-09-09 03:37:34.079, `last_seen` = 2026-09-16 04:12:56.545, `email` = null, `discord` = null, `settings` = '{"settings":[{"value":"auth","key":"last-server"},{"value":"en","key":"language"}],"version":0}' WHERE `ai` = 4" (applied to [last_seen, settings] columns)
[2026/09/16 04:13:00 DEBUG]: [SQLite] [UPDATE]: "UPDATE `nlogin` SET `last_name` = 'dark67', `unique_id` = 41942e52395335f595f8cfdda10d1924,  `mojang_id` = null,  `bedrock_id` = null,  `password` = '$argon2id$v=19$m=32768,t=5,p=1$JJ9sug1BtCvO9wczkZvbxQ$alAIJafJSofmZWhOjyVd7reEvkaGOp/CWmtUyB7pqsA', `last_ip` = '0:0:0:0:0:0:0:1', `creation_date` = 2026-09-11 01:09:16.896, `last_seen` = 2026-09-16 04:13:00.129, `email` = null, `discord` = null, `settings` = '{"settings":[{"value":"auth","key":"last-server"},{"value":"en","key":"language"}],"version":0}' WHERE `ai` = 6" (applied to [last_seen, settings] columns)
[2026/09/16 04:13:13 DEBUG]: [SQLite] [UPDATE]: "UPDATE `nlogin` SET `last_name` = 'dark67', `unique_id` = 41942e52395335f595f8cfdda10d1924,  `mojang_id` = null,  `bedrock_id` = null,  `password` = '$argon2id$v=19$m=32768,t=5,p=1$JJ9sug1BtCvO9wczkZvbxQ$alAIJafJSofmZWhOjyVd7reEvkaGOp/CWmtUyB7pqsA', `last_ip` = '0:0:0:0:0:0:0:1', `creation_date` = 2026-09-11 01:09:16.896, `last_seen` = 2026-09-16 04:13:12.915, `email` = null, `discord` = null, `settings` = '{"settings":[{"value":"auth","key":"last-server"},{"value":"en","key":"language"}],"version":0}' WHERE `ai` = 6" (applied to [last_ip, last_seen, settings] columns)
[2026/09/16 04:13:13 INFO]: The user dark67 has successfully logged in.
[2026/09/16 04:13:18 DEBUG]: [SQLite] [UPDATE]: "UPDATE `nlogin` SET `last_name` = 'dark67', `unique_id` = 41942e52395335f595f8cfdda10d1924,  `mojang_id` = null,  `bedrock_id` = null,  `password` = '$argon2id$v=19$m=32768,t=5,p=1$JJ9sug1BtCvO9wczkZvbxQ$alAIJafJSofmZWhOjyVd7reEvkaGOp/CWmtUyB7pqsA', `last_ip` = '0:0:0:0:0:0:0:1', `creation_date` = 2026-09-11 01:09:16.896, `last_seen` = 2026-09-16 04:13:18.091, `email` = null, `discord` = null, `settings` = '{"settings":[{"value":"auth","key":"last-server"},{"value":"en","key":"language"}],"version":0}' WHERE `ai` = 6" (applied to [last_seen, settings] columns)
