[2026/09/13 01:31:08 INFO]:           __             _       
[2026/09/13 01:31:08 INFO]:   _ __   / /  ___   __ _(_)_ __  
[2026/09/13 01:31:08 INFO]:  | '_ \ / /  / _ \ / _` | | '_ \ 
[2026/09/13 01:31:08 INFO]:  | | | / /__| (_) | (_| | | | | |
[2026/09/13 01:31:08 INFO]:  |_| |_\____/\___/ \__, |_|_| |_|
[2026/09/13 01:31:08 INFO]:                   |___/            
[2026/09/13 01:31:08 INFO]:  By: www.nickuc.com - V 2.0.19
[2026/09/13 01:31:08 INFO]:  
[2026/09/13 01:31:09 DEBUG]: Loading the messages_en.yml message file...
[2026/09/13 01:31:09 DEBUG]: Messages were loaded in 496 ms (single file).
[2026/09/13 01:31:09 DEBUG]: Settings were loaded in 754 ms.
[2026/09/13 01:31:09 DEBUG]: Loading database...
[2026/09/13 01:31:09 DEBUG]: Starting logger filter...
[2026/09/13 01:31:09 INFO]: Loading packetevents-velocity 2.13.0...
[2026/09/13 01:31:39 DEBUG]: [SQLite] [UPDATE]: "UPDATE `nlogin` SET `last_name` = 'dark67', `unique_id` = 41942e52395335f595f8cfdda10d1924,  `mojang_id` = null,  `bedrock_id` = null,  `password` = '$argon2id$v=19$m=32768,t=5,p=1$JJ9sug1BtCvO9wczkZvbxQ$alAIJafJSofmZWhOjyVd7reEvkaGOp/CWmtUyB7pqsA', `last_ip` = '0:0:0:0:0:0:0:1', `creation_date` = 2026-09-11 01:09:16.896, `last_seen` = 2026-09-13 01:31:39.423, `email` = null, `discord` = null, `settings` = '{"settings":[{"value":"survival","key":"last-server"},{"value":"en","key":"language"}],"version":0}' WHERE `ai` = 6" (applied to [last_ip, last_seen, settings] columns)
[2026/09/13 01:31:39 INFO]: The user dark67 has successfully logged in.
[2026/09/13 01:31:45 DEBUG]: [SQLite] [UPDATE]: "UPDATE `nlogin` SET `last_name` = 'ironmanLJM', `unique_id` = d00c14c99ee33788b053a1de57b43b72,  `mojang_id` = null,  `bedrock_id` = null,  `password` = '$argon2id$v=19$m=32768,t=5,p=1$cV1I4x/4v2rpZppSpiSf+Q$aSKt9z1JsOhc50u2apJC4yxw04ExW/N/ThxC+bwFvy4', `last_ip` = '0:0:0:0:0:0:0:1', `creation_date` = 2026-09-09 03:37:34.079, `last_seen` = 2026-09-13 01:31:45.233, `email` = null, `discord` = null, `settings` = '{"settings":[{"value":"survival","key":"last-server"},{"value":"en","key":"language"}],"version":0}' WHERE `ai` = 4" (applied to [last_ip, last_seen, settings] columns)
[2026/09/13 01:31:45 INFO]: The user ironmanLJM has successfully logged in.
[2026/09/13 01:46:50 DEBUG]: [SQLite] [UPDATE]: "UPDATE `nlogin` SET `last_name` = 'dark67', `unique_id` = 41942e52395335f595f8cfdda10d1924,  `mojang_id` = null,  `bedrock_id` = null,  `password` = '$argon2id$v=19$m=32768,t=5,p=1$JJ9sug1BtCvO9wczkZvbxQ$alAIJafJSofmZWhOjyVd7reEvkaGOp/CWmtUyB7pqsA', `last_ip` = '0:0:0:0:0:0:0:1', `creation_date` = 2026-09-11 01:09:16.896, `last_seen` = 2026-09-13 01:46:50.159, `email` = null, `discord` = null, `settings` = '{"settings":[{"value":"survival","key":"last-server"},{"value":"en","key":"language"}],"version":0}' WHERE `ai` = 6" (applied to [last_seen, settings] columns)
[2026/09/13 01:47:25 DEBUG]: [SQLite] [UPDATE]: "UPDATE `nlogin` SET `last_name` = 'dark67', `unique_id` = 41942e52395335f595f8cfdda10d1924,  `mojang_id` = null,  `bedrock_id` = null,  `password` = '$argon2id$v=19$m=32768,t=5,p=1$JJ9sug1BtCvO9wczkZvbxQ$alAIJafJSofmZWhOjyVd7reEvkaGOp/CWmtUyB7pqsA', `last_ip` = '0:0:0:0:0:0:0:1', `creation_date` = 2026-09-11 01:09:16.896, `last_seen` = 2026-09-13 01:47:25.867, `email` = null, `discord` = null, `settings` = '{"settings":[{"value":"survival","key":"last-server"},{"value":"en","key":"language"}],"version":0}' WHERE `ai` = 6" (applied to [last_ip, last_seen, settings] columns)
[2026/09/13 01:47:25 INFO]: The user dark67 has successfully logged in.
[2026/09/13 02:08:19 DEBUG]: [SQLite] [UPDATE]: "UPDATE `nlogin` SET `last_name` = 'ironmanLJM', `unique_id` = d00c14c99ee33788b053a1de57b43b72,  `mojang_id` = null,  `bedrock_id` = null,  `password` = '$argon2id$v=19$m=32768,t=5,p=1$cV1I4x/4v2rpZppSpiSf+Q$aSKt9z1JsOhc50u2apJC4yxw04ExW/N/ThxC+bwFvy4', `last_ip` = '0:0:0:0:0:0:0:1', `creation_date` = 2026-09-09 03:37:34.079, `last_seen` = 2026-09-13 02:08:19.102, `email` = null, `discord` = null, `settings` = '{"settings":[{"value":"survival","key":"last-server"},{"value":"en","key":"language"}],"version":0}' WHERE `ai` = 4" (applied to [last_seen, settings] columns)
[2026/09/13 02:08:28 DEBUG]: [SQLite] [UPDATE]: "UPDATE `nlogin` SET `last_name` = 'ironmanLJM', `unique_id` = d00c14c99ee33788b053a1de57b43b72,  `mojang_id` = null,  `bedrock_id` = null,  `password` = '$argon2id$v=19$m=32768,t=5,p=1$cV1I4x/4v2rpZppSpiSf+Q$aSKt9z1JsOhc50u2apJC4yxw04ExW/N/ThxC+bwFvy4', `last_ip` = '0:0:0:0:0:0:0:1', `creation_date` = 2026-09-09 03:37:34.079, `last_seen` = 2026-09-13 02:08:28.911, `email` = null, `discord` = null, `settings` = '{"settings":[{"value":"survival","key":"last-server"},{"value":"en","key":"language"}],"version":0}' WHERE `ai` = 4" (applied to [last_ip, last_seen, settings] columns)
[2026/09/13 02:08:28 INFO]: The user ironmanLJM has successfully logged in.
[2026/09/13 02:16:54 DEBUG]: [SQLite] [UPDATE]: "UPDATE `nlogin` SET `last_name` = 'dark67', `unique_id` = 41942e52395335f595f8cfdda10d1924,  `mojang_id` = null,  `bedrock_id` = null,  `password` = '$argon2id$v=19$m=32768,t=5,p=1$JJ9sug1BtCvO9wczkZvbxQ$alAIJafJSofmZWhOjyVd7reEvkaGOp/CWmtUyB7pqsA', `last_ip` = '0:0:0:0:0:0:0:1', `creation_date` = 2026-09-11 01:09:16.896, `last_seen` = 2026-09-13 02:16:54.381, `email` = null, `discord` = null, `settings` = '{"settings":[{"value":"survival","key":"last-server"},{"value":"en","key":"language"}],"version":0}' WHERE `ai` = 6" (applied to [last_seen, settings] columns)
[2026/09/13 02:19:02 DEBUG]: [SQLite] [UPDATE]: "UPDATE `nlogin` SET `last_name` = 'dark67', `unique_id` = 41942e52395335f595f8cfdda10d1924,  `mojang_id` = null,  `bedrock_id` = null,  `password` = '$argon2id$v=19$m=32768,t=5,p=1$JJ9sug1BtCvO9wczkZvbxQ$alAIJafJSofmZWhOjyVd7reEvkaGOp/CWmtUyB7pqsA', `last_ip` = '0:0:0:0:0:0:0:1', `creation_date` = 2026-09-11 01:09:16.896, `last_seen` = 2026-09-13 02:19:02.099, `email` = null, `discord` = null, `settings` = '{"settings":[{"value":"survival","key":"last-server"},{"value":"en","key":"language"}],"version":0}' WHERE `ai` = 6" (applied to [last_ip, last_seen, settings] columns)
[2026/09/13 02:19:02 INFO]: The user dark67 has successfully logged in.
[2026/09/13 02:25:19 DEBUG]: [SQLite] [UPDATE]: "UPDATE `nlogin` SET `last_name` = 'ironmanLJM', `unique_id` = d00c14c99ee33788b053a1de57b43b72,  `mojang_id` = null,  `bedrock_id` = null,  `password` = '$argon2id$v=19$m=32768,t=5,p=1$cV1I4x/4v2rpZppSpiSf+Q$aSKt9z1JsOhc50u2apJC4yxw04ExW/N/ThxC+bwFvy4', `last_ip` = '0:0:0:0:0:0:0:1', `creation_date` = 2026-09-09 03:37:34.079, `last_seen` = 2026-09-13 02:25:19.822, `email` = null, `discord` = null, `settings` = '{"settings":[{"value":"survival","key":"last-server"},{"value":"en","key":"language"}],"version":0}' WHERE `ai` = 4" (applied to [last_seen, settings] columns)
[2026/09/13 02:26:18 DEBUG]: [SQLite] [UPDATE]: "UPDATE `nlogin` SET `last_name` = 'dark67', `unique_id` = 41942e52395335f595f8cfdda10d1924,  `mojang_id` = null,  `bedrock_id` = null,  `password` = '$argon2id$v=19$m=32768,t=5,p=1$JJ9sug1BtCvO9wczkZvbxQ$alAIJafJSofmZWhOjyVd7reEvkaGOp/CWmtUyB7pqsA', `last_ip` = '0:0:0:0:0:0:0:1', `creation_date` = 2026-09-11 01:09:16.896, `last_seen` = 2026-09-13 02:26:18.274, `email` = null, `discord` = null, `settings` = '{"settings":[{"value":"survival","key":"last-server"},{"value":"en","key":"language"}],"version":0}' WHERE `ai` = 6" (applied to [last_seen, settings] columns)
[2026/09/13 02:50:35 DEBUG]: [SQLite] [UPDATE]: "UPDATE `nlogin` SET `last_name` = 'ironmanLJM', `unique_id` = d00c14c99ee33788b053a1de57b43b72,  `mojang_id` = null,  `bedrock_id` = null,  `password` = '$argon2id$v=19$m=32768,t=5,p=1$cV1I4x/4v2rpZppSpiSf+Q$aSKt9z1JsOhc50u2apJC4yxw04ExW/N/ThxC+bwFvy4', `last_ip` = '0:0:0:0:0:0:0:1', `creation_date` = 2026-09-09 03:37:34.079, `last_seen` = 2026-09-13 02:50:35.573, `email` = null, `discord` = null, `settings` = '{"settings":[{"value":"survival","key":"last-server"},{"value":"en","key":"language"}],"version":0}' WHERE `ai` = 4" (applied to [last_ip, last_seen, settings] columns)
[2026/09/13 02:50:35 INFO]: The user ironmanLJM has successfully logged in.
