[2026/09/14 05:18:53 INFO]:           __             _       
[2026/09/14 05:18:53 INFO]:   _ __   / /  ___   __ _(_)_ __  
[2026/09/14 05:18:53 INFO]:  | '_ \ / /  / _ \ / _` | | '_ \ 
[2026/09/14 05:18:53 INFO]:  | | | / /__| (_) | (_| | | | | |
[2026/09/14 05:18:53 INFO]:  |_| |_\____/\___/ \__, |_|_| |_|
[2026/09/14 05:18:53 INFO]:                   |___/            
[2026/09/14 05:18:53 INFO]:  By: www.nickuc.com - V 2.0.19
[2026/09/14 05:18:53 INFO]:  
[2026/09/14 05:18:54 DEBUG]: Loading the messages_en.yml message file...
[2026/09/14 05:18:54 DEBUG]: Messages were loaded in 476 ms (single file).
[2026/09/14 05:18:54 DEBUG]: Settings were loaded in 829 ms.
[2026/09/14 05:18:54 DEBUG]: Loading database...
[2026/09/14 05:18:55 DEBUG]: Starting logger filter...
[2026/09/14 05:18:55 INFO]: Loading packetevents-velocity 2.13.0...
[2026/09/14 05:19:24 DEBUG]: [SQLite] [UPDATE]: "UPDATE `nlogin` SET `last_name` = 'ironmanLJM', `unique_id` = d00c14c99ee33788b053a1de57b43b72,  `mojang_id` = null,  `bedrock_id` = null,  `password` = '$argon2id$v=19$m=32768,t=5,p=1$cV1I4x/4v2rpZppSpiSf+Q$aSKt9z1JsOhc50u2apJC4yxw04ExW/N/ThxC+bwFvy4', `last_ip` = '0:0:0:0:0:0:0:1', `creation_date` = 2026-09-09 03:37:34.079, `last_seen` = 2026-09-14 05:19:24.92, `email` = null, `discord` = null, `settings` = '{"settings":[{"value":"survival","key":"last-server"},{"value":"en","key":"language"}],"version":0}' WHERE `ai` = 4" (applied to [last_ip, last_seen, settings] columns)
[2026/09/14 05:19:24 INFO]: The user ironmanLJM has successfully logged in.
[2026/09/14 05:27:18 DEBUG]: [SQLite] [UPDATE]: "UPDATE `nlogin` SET `last_name` = 'ironmanLJM', `unique_id` = d00c14c99ee33788b053a1de57b43b72,  `mojang_id` = null,  `bedrock_id` = null,  `password` = '$argon2id$v=19$m=32768,t=5,p=1$cV1I4x/4v2rpZppSpiSf+Q$aSKt9z1JsOhc50u2apJC4yxw04ExW/N/ThxC+bwFvy4', `last_ip` = '0:0:0:0:0:0:0:1', `creation_date` = 2026-09-09 03:37:34.079, `last_seen` = 2026-09-14 05:27:17.999, `email` = null, `discord` = null, `settings` = '{"settings":[{"value":"auth","key":"last-server"},{"value":"en","key":"language"}],"version":0}' WHERE `ai` = 4" (applied to [last_seen, settings] columns)
[2026/09/14 05:27:48 DEBUG]: [SQLite] [UPDATE]: "UPDATE `nlogin` SET `last_name` = 'ironmanLJM', `unique_id` = d00c14c99ee33788b053a1de57b43b72,  `mojang_id` = null,  `bedrock_id` = null,  `password` = '$argon2id$v=19$m=32768,t=5,p=1$cV1I4x/4v2rpZppSpiSf+Q$aSKt9z1JsOhc50u2apJC4yxw04ExW/N/ThxC+bwFvy4', `last_ip` = '0:0:0:0:0:0:0:1', `creation_date` = 2026-09-09 03:37:34.079, `last_seen` = 2026-09-14 05:27:48.09, `email` = null, `discord` = null, `settings` = '{"settings":[{"value":"auth","key":"last-server"},{"value":"en","key":"language"}],"version":0}' WHERE `ai` = 4" (applied to [last_ip, last_seen, settings] columns)
[2026/09/14 05:27:48 INFO]: The user ironmanLJM has successfully logged in.
[2026/09/14 05:30:45 DEBUG]: [SQLite] [UPDATE]: "UPDATE `nlogin` SET `last_name` = 'ironmanLJM', `unique_id` = d00c14c99ee33788b053a1de57b43b72,  `mojang_id` = null,  `bedrock_id` = null,  `password` = '$argon2id$v=19$m=32768,t=5,p=1$cV1I4x/4v2rpZppSpiSf+Q$aSKt9z1JsOhc50u2apJC4yxw04ExW/N/ThxC+bwFvy4', `last_ip` = '0:0:0:0:0:0:0:1', `creation_date` = 2026-09-09 03:37:34.079, `last_seen` = 2026-09-14 05:30:45.945, `email` = null, `discord` = null, `settings` = '{"settings":[{"value":"auth","key":"last-server"},{"value":"en","key":"language"}],"version":0}' WHERE `ai` = 4" (applied to [last_seen, settings] columns)
[2026/09/14 05:31:19 INFO]: Successful plugin core shutdown (took 0.00s)
