[2026/09/22 02:59:50 INFO]:           __             _       
[2026/09/22 02:59:50 INFO]:   _ __   / /  ___   __ _(_)_ __  
[2026/09/22 02:59:50 INFO]:  | '_ \ / /  / _ \ / _` | | '_ \ 
[2026/09/22 02:59:50 INFO]:  | | | / /__| (_) | (_| | | | | |
[2026/09/22 02:59:50 INFO]:  |_| |_\____/\___/ \__, |_|_| |_|
[2026/09/22 02:59:50 INFO]:                   |___/            
[2026/09/22 02:59:50 INFO]:  By: www.nickuc.com - V 2.0.21
[2026/09/22 02:59:50 INFO]:  
[2026/09/22 02:59:51 DEBUG]: Loading the messages_en.yml message file...
[2026/09/22 02:59:51 DEBUG]: Messages were loaded in 396 ms (single file).
[2026/09/22 02:59:51 DEBUG]: Settings were loaded in 687 ms.
[2026/09/22 02:59:51 DEBUG]: Loading database...
[2026/09/22 02:59:53 DEBUG]: Starting logger filter...
[2026/09/22 02:59:53 INFO]: Loading packetevents-velocity 2.14.0-SNAPSHOT...
[2026/09/22 03:01:52 DEBUG]: [SQLite] [UPDATE]: "UPDATE `nlogin` SET `last_name` = 'ironmanLJM', `unique_id` = d00c14c99ee33788b053a1de57b43b72,  `mojang_id` = null,  `bedrock_id` = null,  `password` = '$argon2id$v=19$m=32768,t=5,p=1$cV1I4x/4v2rpZppSpiSf+Q$aSKt9z1JsOhc50u2apJC4yxw04ExW/N/ThxC+bwFvy4', `last_ip` = '0:0:0:0:0:0:0:1', `creation_date` = 2026-09-09 03:37:34.079, `last_seen` = 2026-09-22 03:01:52.813, `email` = null, `discord` = null, `settings` = '{"settings":[{"value":"survival","key":"last-server"},{"value":"en","key":"language"}],"version":0}' WHERE `ai` = 4" (applied to [last_ip, last_seen, settings] columns)
[2026/09/22 03:01:53 INFO]: The user ironmanLJM has successfully logged in.
[2026/09/22 03:02:03 DEBUG]: [SQLite] [UPDATE]: "UPDATE `nlogin` SET `last_name` = 'Vyqzren', `unique_id` = f7b02e4299743b8783a17ff87122c29a,  `mojang_id` = null,  `bedrock_id` = null,  `password` = '$argon2id$v=19$m=32768,t=5,p=1$7nvu8Vglrc67gNMcG5dWFg$gFcswEJwB2xcN7ZstpQ2ANmevElDKzVE1EZ8Ninlojk', `last_ip` = '0:0:0:0:0:0:0:1', `creation_date` = 2026-09-09 22:52:42.856, `last_seen` = 2026-09-22 03:02:03.246, `email` = null, `discord` = null, `settings` = '{"settings":[{"value":"survival","key":"last-server"},{"value":"en","key":"language"}],"version":0}' WHERE `ai` = 5" (applied to [last_ip, last_seen, settings] columns)
[2026/09/22 03:02:03 INFO]: The user Vyqzren has successfully logged in.
[2026/09/22 03:02:16 DEBUG]: [SQLite] [UPDATE]: "UPDATE `nlogin` SET `last_name` = 'Dill_Pickle_', `unique_id` = 0e2c972cf39c37b3b41e956f9e53ef4e,  `mojang_id` = null,  `bedrock_id` = null,  `password` = '$argon2id$v=19$m=32768,t=5,p=1$TqHBztSVhJVMDjbnsshD+A$XbC8SwSP+fMKiKhP82NCDVN4cibWJwyuVU5SYW1NOME', `last_ip` = '0:0:0:0:0:0:0:1', `creation_date` = 2026-09-13 22:53:39.571, `last_seen` = 2026-09-22 03:02:16.086, `email` = null, `discord` = null, `settings` = '{"settings":[{"value":"en","key":"language"},{"value":"survival","key":"last-server"}],"version":0}' WHERE `ai` = 7" (applied to [last_ip, last_seen, settings] columns)
[2026/09/22 03:02:16 INFO]: The user Dill_Pickle_ has successfully logged in.
[2026/09/22 03:02:20 DEBUG]: [SQLite] [UPDATE]: "UPDATE `nlogin` SET `last_name` = 'blueberryhill', `unique_id` = c7354076f9103f838e34cbe09ec4023d,  `mojang_id` = null,  `bedrock_id` = null,  `password` = '$argon2id$v=19$m=32768,t=5,p=1$baSqx/mkxBXz/602zaITOw$MqTAYOc15nluHPOD1VMR1ITdMyEg51/ZIoHflOaQRVU', `last_ip` = '0:0:0:0:0:0:0:1', `creation_date` = 2026-09-15 03:34:06.582, `last_seen` = 2026-09-22 03:02:20.21, `email` = null, `discord` = null, `settings` = '{"settings":[{"value":"survival","key":"last-server"},{"value":"en","key":"language"}],"version":0}' WHERE `ai` = 10" (applied to [last_ip, last_seen, settings] columns)
[2026/09/22 03:02:20 INFO]: The user blueberryhill has successfully logged in.
[2026/09/22 03:02:47 DEBUG]: [SQLite] [UPDATE]: "UPDATE `nlogin` SET `last_name` = 'Dill_Pickle_', `unique_id` = 0e2c972cf39c37b3b41e956f9e53ef4e,  `mojang_id` = null,  `bedrock_id` = null,  `password` = '$argon2id$v=19$m=32768,t=5,p=1$TqHBztSVhJVMDjbnsshD+A$XbC8SwSP+fMKiKhP82NCDVN4cibWJwyuVU5SYW1NOME', `last_ip` = '0:0:0:0:0:0:0:1', `creation_date` = 2026-09-13 22:53:39.571, `last_seen` = 2026-09-22 03:02:46.992, `email` = null, `discord` = null, `settings` = '{"settings":[{"value":"en","key":"language"},{"value":"survival","key":"last-server"}],"version":0}' WHERE `ai` = 7" (applied to [last_seen, settings] columns)
[2026/09/22 03:02:48 DEBUG]: [SQLite] [UPDATE]: "UPDATE `nlogin` SET `last_name` = 'blueberryhill', `unique_id` = c7354076f9103f838e34cbe09ec4023d,  `mojang_id` = null,  `bedrock_id` = null,  `password` = '$argon2id$v=19$m=32768,t=5,p=1$baSqx/mkxBXz/602zaITOw$MqTAYOc15nluHPOD1VMR1ITdMyEg51/ZIoHflOaQRVU', `last_ip` = '0:0:0:0:0:0:0:1', `creation_date` = 2026-09-15 03:34:06.582, `last_seen` = 2026-09-22 03:02:47.962, `email` = null, `discord` = null, `settings` = '{"settings":[{"value":"survival","key":"last-server"},{"value":"en","key":"language"}],"version":0}' WHERE `ai` = 10" (applied to [last_seen, settings] columns)
[2026/09/22 03:03:12 DEBUG]: [SQLite] [UPDATE]: "INSERT INTO `nlogin` (`last_name`, `unique_id`, `mojang_id`, `bedrock_id`, `password`, `last_ip`, `creation_date`, `last_seen`, `email`, `discord`, `settings`) VALUES ('Veer10', b8e3993961ea3cffbe5a8e05498cb70c, null, null, '$argon2id$v=19$m=32768,t=5,p=1$vfqPzfVZcLYGscWGTy/PeA$pjcKEYsrHDeJgtJ6BBbk3SVp4yDvhvIIDtJGXAkEMA4', '0:0:0:0:0:0:0:1', '2026-09-22 03:03:12.201', '2026-09-22 03:03:12.201', null, null, '{"settings":[{"value":true,"key":"force-invalid-session"}],"version":0}')" (applied to all columns)
[2026/09/22 03:03:12 INFO]: The user Veer10 has successfully registered.
[2026/09/22 03:03:28 DEBUG]: [SQLite] [UPDATE]: "UPDATE `nlogin` SET `last_name` = 'blueberryhill', `unique_id` = c7354076f9103f838e34cbe09ec4023d,  `mojang_id` = null,  `bedrock_id` = null,  `password` = '$argon2id$v=19$m=32768,t=5,p=1$baSqx/mkxBXz/602zaITOw$MqTAYOc15nluHPOD1VMR1ITdMyEg51/ZIoHflOaQRVU', `last_ip` = '0:0:0:0:0:0:0:1', `creation_date` = 2026-09-15 03:34:06.582, `last_seen` = 2026-09-22 03:03:28.112, `email` = null, `discord` = null, `settings` = '{"settings":[{"value":"survival","key":"last-server"},{"value":"en","key":"language"}],"version":0}' WHERE `ai` = 10" (applied to [last_ip, last_seen, settings] columns)
[2026/09/22 03:03:28 INFO]: The user blueberryhill has successfully logged in.
[2026/09/22 03:03:40 DEBUG]: [SQLite] [UPDATE]: "UPDATE `nlogin` SET `last_name` = 'Dill_Pickle_', `unique_id` = 0e2c972cf39c37b3b41e956f9e53ef4e,  `mojang_id` = null,  `bedrock_id` = null,  `password` = '$argon2id$v=19$m=32768,t=5,p=1$TqHBztSVhJVMDjbnsshD+A$XbC8SwSP+fMKiKhP82NCDVN4cibWJwyuVU5SYW1NOME', `last_ip` = '0:0:0:0:0:0:0:1', `creation_date` = 2026-09-13 22:53:39.571, `last_seen` = 2026-09-22 03:03:40.24, `email` = null, `discord` = null, `settings` = '{"settings":[{"value":"en","key":"language"},{"value":"survival","key":"last-server"}],"version":0}' WHERE `ai` = 7" (applied to [last_ip, last_seen, settings] columns)
[2026/09/22 03:03:41 INFO]: The user Dill_Pickle_ has successfully logged in.
[2026/09/22 03:04:23 DEBUG]: [SQLite] [UPDATE]: "UPDATE `nlogin` SET `last_name` = 'ironmanLJM', `unique_id` = d00c14c99ee33788b053a1de57b43b72,  `mojang_id` = null,  `bedrock_id` = null,  `password` = '$argon2id$v=19$m=32768,t=5,p=1$cV1I4x/4v2rpZppSpiSf+Q$aSKt9z1JsOhc50u2apJC4yxw04ExW/N/ThxC+bwFvy4', `last_ip` = '0:0:0:0:0:0:0:1', `creation_date` = 2026-09-09 03:37:34.079, `last_seen` = 2026-09-22 03:04:22.53, `email` = null, `discord` = null, `settings` = '{"settings":[{"value":"survival","key":"last-server"},{"value":"en","key":"language"}],"version":0}' WHERE `ai` = 4" (applied to [last_seen, settings] columns)
[2026/09/22 03:04:29 DEBUG]: [SQLite] [UPDATE]: "UPDATE `nlogin` SET `last_name` = 'ironmanLJM', `unique_id` = d00c14c99ee33788b053a1de57b43b72,  `mojang_id` = null,  `bedrock_id` = null,  `password` = '$argon2id$v=19$m=32768,t=5,p=1$cV1I4x/4v2rpZppSpiSf+Q$aSKt9z1JsOhc50u2apJC4yxw04ExW/N/ThxC+bwFvy4', `last_ip` = '0:0:0:0:0:0:0:1', `creation_date` = 2026-09-09 03:37:34.079, `last_seen` = 2026-09-22 03:04:29.688, `email` = null, `discord` = null, `settings` = '{"settings":[{"value":"survival","key":"last-server"},{"value":"en","key":"language"}],"version":0}' WHERE `ai` = 4" (applied to [last_ip, last_seen, settings] columns)
[2026/09/22 03:04:29 INFO]: The user ironmanLJM has successfully logged in.
[2026/09/22 03:05:01 DEBUG]: [SQLite] [UPDATE]: "UPDATE `nlogin` SET `last_name` = 'ironmanLJM', `unique_id` = d00c14c99ee33788b053a1de57b43b72,  `mojang_id` = null,  `bedrock_id` = null,  `password` = '$argon2id$v=19$m=32768,t=5,p=1$cV1I4x/4v2rpZppSpiSf+Q$aSKt9z1JsOhc50u2apJC4yxw04ExW/N/ThxC+bwFvy4', `last_ip` = '0:0:0:0:0:0:0:1', `creation_date` = 2026-09-09 03:37:34.079, `last_seen` = 2026-09-22 03:05:01.153, `email` = null, `discord` = null, `settings` = '{"settings":[{"value":"survival","key":"last-server"},{"value":"en","key":"language"}],"version":0}' WHERE `ai` = 4" (applied to [last_seen, settings] columns)
[2026/09/22 03:05:10 DEBUG]: [SQLite] [UPDATE]: "UPDATE `nlogin` SET `last_name` = 'Veer10', `unique_id` = b8e3993961ea3cffbe5a8e05498cb70c,  `mojang_id` = null,  `bedrock_id` = null,  `password` = '$argon2id$v=19$m=32768,t=5,p=1$vfqPzfVZcLYGscWGTy/PeA$pjcKEYsrHDeJgtJ6BBbk3SVp4yDvhvIIDtJGXAkEMA4', `last_ip` = '0:0:0:0:0:0:0:1', `creation_date` = 2026-09-22 03:03:12.201, `last_seen` = 2026-09-22 03:05:10.537, `email` = null, `discord` = null, `settings` = '{"settings":[{"value":true,"key":"force-invalid-session"},{"value":"survival","key":"last-server"},{"value":"en","key":"language"}],"version":0}' WHERE `ai` = 20" (applied to [last_seen, settings] columns)
[2026/09/22 03:05:10 DEBUG]: [SQLite] [UPDATE]: "UPDATE `nlogin` SET `last_name` = 'Dill_Pickle_', `unique_id` = 0e2c972cf39c37b3b41e956f9e53ef4e,  `mojang_id` = null,  `bedrock_id` = null,  `password` = '$argon2id$v=19$m=32768,t=5,p=1$TqHBztSVhJVMDjbnsshD+A$XbC8SwSP+fMKiKhP82NCDVN4cibWJwyuVU5SYW1NOME', `last_ip` = '0:0:0:0:0:0:0:1', `creation_date` = 2026-09-13 22:53:39.571, `last_seen` = 2026-09-22 03:05:10.539, `email` = null, `discord` = null, `settings` = '{"settings":[{"value":"en","key":"language"},{"value":"survival","key":"last-server"}],"version":0}' WHERE `ai` = 7" (applied to [last_seen, settings] columns)
[2026/09/22 03:05:11 DEBUG]: [SQLite] [UPDATE]: "UPDATE `nlogin` SET `last_name` = 'blueberryhill', `unique_id` = c7354076f9103f838e34cbe09ec4023d,  `mojang_id` = null,  `bedrock_id` = null,  `password` = '$argon2id$v=19$m=32768,t=5,p=1$baSqx/mkxBXz/602zaITOw$MqTAYOc15nluHPOD1VMR1ITdMyEg51/ZIoHflOaQRVU', `last_ip` = '0:0:0:0:0:0:0:1', `creation_date` = 2026-09-15 03:34:06.582, `last_seen` = 2026-09-22 03:05:10.544, `email` = null, `discord` = null, `settings` = '{"settings":[{"value":"survival","key":"last-server"},{"value":"en","key":"language"}],"version":0}' WHERE `ai` = 10" (applied to [last_seen, settings] columns)
[2026/09/22 03:05:11 DEBUG]: [SQLite] [UPDATE]: "UPDATE `nlogin` SET `last_name` = 'Vyqzren', `unique_id` = f7b02e4299743b8783a17ff87122c29a,  `mojang_id` = null,  `bedrock_id` = null,  `password` = '$argon2id$v=19$m=32768,t=5,p=1$7nvu8Vglrc67gNMcG5dWFg$gFcswEJwB2xcN7ZstpQ2ANmevElDKzVE1EZ8Ninlojk', `last_ip` = '0:0:0:0:0:0:0:1', `creation_date` = 2026-09-09 22:52:42.856, `last_seen` = 2026-09-22 03:05:10.546, `email` = null, `discord` = null, `settings` = '{"settings":[{"value":"survival","key":"last-server"},{"value":"en","key":"language"}],"version":0}' WHERE `ai` = 5" (applied to [last_seen, settings] columns)
[2026/09/22 03:05:12 INFO]: Successful plugin core shutdown (took 0.01s)
