[2026/09/15 23:06:46 INFO]:           __             _       
[2026/09/15 23:06:46 INFO]:   _ __   / /  ___   __ _(_)_ __  
[2026/09/15 23:06:46 INFO]:  | '_ \ / /  / _ \ / _` | | '_ \ 
[2026/09/15 23:06:46 INFO]:  | | | / /__| (_) | (_| | | | | |
[2026/09/15 23:06:46 INFO]:  |_| |_\____/\___/ \__, |_|_| |_|
[2026/09/15 23:06:46 INFO]:                   |___/            
[2026/09/15 23:06:46 INFO]:  By: www.nickuc.com - V 2.0.19
[2026/09/15 23:06:46 INFO]:  
[2026/09/15 23:06:48 DEBUG]: Loading the messages_en.yml message file...
[2026/09/15 23:06:49 DEBUG]: Messages were loaded in 1375 ms (single file).
[2026/09/15 23:06:49 DEBUG]: Settings were loaded in 2411 ms.
[2026/09/15 23:06:49 DEBUG]: Loading database...
[2026/09/15 23:06:52 DEBUG]: Starting logger filter...
[2026/09/15 23:06:53 INFO]: Loading packetevents-velocity 2.13.0...
[2026/09/15 23:10:00 DEBUG]: [SQLite] [UPDATE]: "UPDATE `nlogin` SET `last_name` = 'ironmanLJM', `unique_id` = d00c14c99ee33788b053a1de57b43b72,  `mojang_id` = null,  `bedrock_id` = null,  `password` = '$argon2id$v=19$m=32768,t=5,p=1$cV1I4x/4v2rpZppSpiSf+Q$aSKt9z1JsOhc50u2apJC4yxw04ExW/N/ThxC+bwFvy4', `last_ip` = '0:0:0:0:0:0:0:1', `creation_date` = 2026-09-09 03:37:34.079, `last_seen` = 2026-09-15 23:10:00.767, `email` = null, `discord` = null, `settings` = '{"settings":[{"value":"survival","key":"last-server"},{"value":"en","key":"language"}],"version":0}' WHERE `ai` = 4" (applied to [last_ip, last_seen, settings] columns)
[2026/09/15 23:10:00 INFO]: The user ironmanLJM has successfully logged in.
[2026/09/15 23:10:17 DEBUG]: [SQLite] [UPDATE]: "UPDATE `nlogin` SET `last_name` = 'ironmanLJM', `unique_id` = d00c14c99ee33788b053a1de57b43b72,  `mojang_id` = null,  `bedrock_id` = null,  `password` = '$argon2id$v=19$m=32768,t=5,p=1$cV1I4x/4v2rpZppSpiSf+Q$aSKt9z1JsOhc50u2apJC4yxw04ExW/N/ThxC+bwFvy4', `last_ip` = '0:0:0:0:0:0:0:1', `creation_date` = 2026-09-09 03:37:34.079, `last_seen` = 2026-09-15 23:10:17.08, `email` = null, `discord` = null, `settings` = '{"settings":[{"value":"survival","key":"last-server"},{"value":"en","key":"language"}],"version":0}' WHERE `ai` = 4" (applied to [last_seen, settings] columns)
[2026/09/15 23:16:55 DEBUG]: [SQLite] [UPDATE]: "UPDATE `nlogin` SET `last_name` = 'ironmanLJM', `unique_id` = d00c14c99ee33788b053a1de57b43b72,  `mojang_id` = null,  `bedrock_id` = null,  `password` = '$argon2id$v=19$m=32768,t=5,p=1$cV1I4x/4v2rpZppSpiSf+Q$aSKt9z1JsOhc50u2apJC4yxw04ExW/N/ThxC+bwFvy4', `last_ip` = '0:0:0:0:0:0:0:1', `creation_date` = 2026-09-09 03:37:34.079, `last_seen` = 2026-09-15 23:16:55.016, `email` = null, `discord` = null, `settings` = '{"settings":[{"value":"survival","key":"last-server"},{"value":"en","key":"language"}],"version":0}' WHERE `ai` = 4" (applied to [last_ip, last_seen, settings] columns)
[2026/09/15 23:16:55 INFO]: The user ironmanLJM has successfully logged in.
[2026/09/15 23:17:13 DEBUG]: [SQLite] [UPDATE]: "INSERT INTO `nlogin` (`last_name`, `unique_id`, `mojang_id`, `bedrock_id`, `password`, `last_ip`, `creation_date`, `last_seen`, `email`, `discord`, `settings`) VALUES ('WaveFire0110', 6780220104a13121bbdcc1a9325e5992, null, null, '$argon2id$v=19$m=32768,t=5,p=1$riYd/Wi4yyzJo4dECBRC4w$hIAtRAFaW32oZ8rRbCTsbZYtkALlfLgX2wQGHvPNFUE', '0:0:0:0:0:0:0:1', '2026-09-15 23:17:13.073', '2026-09-15 23:17:13.073', null, null, '{"settings":[{"value":true,"key":"force-invalid-session"}],"version":0}')" (applied to all columns)
[2026/09/15 23:17:13 INFO]: The user WaveFire0110 has successfully registered.
[2026/09/15 23:17:15 DEBUG]: [SQLite] [UPDATE]: "UPDATE `nlogin` SET `last_name` = 'Vyqzren', `unique_id` = f7b02e4299743b8783a17ff87122c29a,  `mojang_id` = null,  `bedrock_id` = null,  `password` = '$argon2id$v=19$m=32768,t=5,p=1$7nvu8Vglrc67gNMcG5dWFg$gFcswEJwB2xcN7ZstpQ2ANmevElDKzVE1EZ8Ninlojk', `last_ip` = '0:0:0:0:0:0:0:1', `creation_date` = 2026-09-09 22:52:42.856, `last_seen` = 2026-09-15 23:17:15.111, `email` = null, `discord` = null, `settings` = '{"settings":[{"value":"auth","key":"last-server"},{"value":"en","key":"language"}],"version":0}' WHERE `ai` = 5" (applied to [last_ip, last_seen, settings] columns)
[2026/09/15 23:17:15 INFO]: The user Vyqzren has successfully logged in.
[2026/09/15 23:19:20 DEBUG]: [SQLite] [UPDATE]: "UPDATE `nlogin` SET `last_name` = 'Vyqzren', `unique_id` = f7b02e4299743b8783a17ff87122c29a,  `mojang_id` = null,  `bedrock_id` = null,  `password` = '$argon2id$v=19$m=32768,t=5,p=1$7nvu8Vglrc67gNMcG5dWFg$gFcswEJwB2xcN7ZstpQ2ANmevElDKzVE1EZ8Ninlojk', `last_ip` = '0:0:0:0:0:0:0:1', `creation_date` = 2026-09-09 22:52:42.856, `last_seen` = 2026-09-15 23:19:20.356, `email` = null, `discord` = null, `settings` = '{"settings":[{"value":"auth","key":"last-server"},{"value":"en","key":"language"}],"version":0}' WHERE `ai` = 5" (applied to [last_seen, settings] columns)
[2026/09/15 23:19:20 DEBUG]: [SQLite] [UPDATE]: "UPDATE `nlogin` SET `last_name` = 'WaveFire0110', `unique_id` = 6780220104a13121bbdcc1a9325e5992,  `mojang_id` = null,  `bedrock_id` = null,  `password` = '$argon2id$v=19$m=32768,t=5,p=1$riYd/Wi4yyzJo4dECBRC4w$hIAtRAFaW32oZ8rRbCTsbZYtkALlfLgX2wQGHvPNFUE', `last_ip` = '0:0:0:0:0:0:0:1', `creation_date` = 2026-09-15 23:17:13.073, `last_seen` = 2026-09-15 23:19:20.407, `email` = null, `discord` = null, `settings` = '{"settings":[{"value":true,"key":"force-invalid-session"},{"value":"en","key":"language"}],"version":0}' WHERE `ai` = 11" (applied to [last_seen, settings] columns)
[2026/09/15 23:19:20 DEBUG]: [SQLite] [UPDATE]: "UPDATE `nlogin` SET `last_name` = 'ironmanLJM', `unique_id` = d00c14c99ee33788b053a1de57b43b72,  `mojang_id` = null,  `bedrock_id` = null,  `password` = '$argon2id$v=19$m=32768,t=5,p=1$cV1I4x/4v2rpZppSpiSf+Q$aSKt9z1JsOhc50u2apJC4yxw04ExW/N/ThxC+bwFvy4', `last_ip` = '0:0:0:0:0:0:0:1', `creation_date` = 2026-09-09 03:37:34.079, `last_seen` = 2026-09-15 23:19:20.338, `email` = null, `discord` = null, `settings` = '{"settings":[{"value":"survival","key":"last-server"},{"value":"en","key":"language"}],"version":0}' WHERE `ai` = 4" (applied to [last_seen, settings] columns)
[2026/09/15 23:20:12 INFO]: Successful plugin core shutdown (took 0.01s)
