[2026/09/22 22:56:18 INFO]:           __             _       
[2026/09/22 22:56:18 INFO]:   _ __   / /  ___   __ _(_)_ __  
[2026/09/22 22:56:18 INFO]:  | '_ \ / /  / _ \ / _` | | '_ \ 
[2026/09/22 22:56:18 INFO]:  | | | / /__| (_) | (_| | | | | |
[2026/09/22 22:56:18 INFO]:  |_| |_\____/\___/ \__, |_|_| |_|
[2026/09/22 22:56:18 INFO]:                   |___/            
[2026/09/22 22:56:18 INFO]:  By: www.nickuc.com - V 2.0.21
[2026/09/22 22:56:18 INFO]:  
[2026/09/22 22:56:18 DEBUG]: Loading the messages_en.yml message file...
[2026/09/22 22:56:18 DEBUG]: Messages were loaded in 216 ms (single file).
[2026/09/22 22:56:18 DEBUG]: Settings were loaded in 302 ms.
[2026/09/22 22:56:18 DEBUG]: Loading database...
[2026/09/22 22:56:19 DEBUG]: Starting logger filter...
[2026/09/22 22:56:19 INFO]: Loading packetevents-velocity 2.14.0-SNAPSHOT...
[2026/09/22 23:00:11 DEBUG]: [SQLite] [UPDATE]: "UPDATE `nlogin` SET `last_name` = 'Dill_Pickle_', `unique_id` = 0e2c972cf39c37b3b41e956f9e53ef4e,  `mojang_id` = null,  `bedrock_id` = null,  `password` = '$argon2id$v=19$m=32768,t=5,p=1$TqHBztSVhJVMDjbnsshD+A$XbC8SwSP+fMKiKhP82NCDVN4cibWJwyuVU5SYW1NOME', `last_ip` = '0:0:0:0:0:0:0:1', `creation_date` = 2026-09-13 22:53:39.571, `last_seen` = 2026-09-22 23:00:11.579, `email` = null, `discord` = null, `settings` = '{"settings":[{"value":"en","key":"language"},{"value":"survival","key":"last-server"}],"version":0}' WHERE `ai` = 7" (applied to [last_ip, last_seen, settings] columns)
[2026/09/22 23:00:11 INFO]: The user Dill_Pickle_ has successfully logged in.
[2026/09/22 23:00:19 DEBUG]: [SQLite] [UPDATE]: "UPDATE `nlogin` SET `last_name` = 'ironmanLJM', `unique_id` = d00c14c99ee33788b053a1de57b43b72,  `mojang_id` = null,  `bedrock_id` = null,  `password` = '$argon2id$v=19$m=32768,t=5,p=1$cV1I4x/4v2rpZppSpiSf+Q$aSKt9z1JsOhc50u2apJC4yxw04ExW/N/ThxC+bwFvy4', `last_ip` = '0:0:0:0:0:0:0:1', `creation_date` = 2026-09-09 03:37:34.079, `last_seen` = 2026-09-22 23:00:19.875, `email` = null, `discord` = null, `settings` = '{"settings":[{"value":"survival","key":"last-server"},{"value":"en","key":"language"}],"version":0}' WHERE `ai` = 4" (applied to [last_ip, last_seen, settings] columns)
[2026/09/22 23:00:19 INFO]: The user ironmanLJM has successfully logged in.
[2026/09/22 23:07:06 DEBUG]: [SQLite] [UPDATE]: "UPDATE `nlogin` SET `last_name` = 'ironmanLJM', `unique_id` = d00c14c99ee33788b053a1de57b43b72,  `mojang_id` = null,  `bedrock_id` = null,  `password` = '$argon2id$v=19$m=32768,t=5,p=1$cV1I4x/4v2rpZppSpiSf+Q$aSKt9z1JsOhc50u2apJC4yxw04ExW/N/ThxC+bwFvy4', `last_ip` = '0:0:0:0:0:0:0:1', `creation_date` = 2026-09-09 03:37:34.079, `last_seen` = 2026-09-22 23:07:06.378, `email` = null, `discord` = null, `settings` = '{"settings":[{"value":"survival","key":"last-server"},{"value":"en","key":"language"}],"version":0}' WHERE `ai` = 4" (applied to [last_seen, settings] columns)
[2026/09/22 23:10:24 DEBUG]: [SQLite] [UPDATE]: "UPDATE `nlogin` SET `last_name` = 'Dill_Pickle_', `unique_id` = 0e2c972cf39c37b3b41e956f9e53ef4e,  `mojang_id` = null,  `bedrock_id` = null,  `password` = '$argon2id$v=19$m=32768,t=5,p=1$TqHBztSVhJVMDjbnsshD+A$XbC8SwSP+fMKiKhP82NCDVN4cibWJwyuVU5SYW1NOME', `last_ip` = '0:0:0:0:0:0:0:1', `creation_date` = 2026-09-13 22:53:39.571, `last_seen` = 2026-09-22 23:10:24.966, `email` = null, `discord` = null, `settings` = '{"settings":[{"value":"en","key":"language"},{"value":"survival","key":"last-server"}],"version":0}' WHERE `ai` = 7" (applied to [last_seen, settings] columns)
[2026/09/22 23:17:26 DEBUG]: [SQLite] [UPDATE]: "UPDATE `nlogin` SET `last_name` = 'Dill_Pickle_', `unique_id` = 0e2c972cf39c37b3b41e956f9e53ef4e,  `mojang_id` = null,  `bedrock_id` = null,  `password` = '$argon2id$v=19$m=32768,t=5,p=1$TqHBztSVhJVMDjbnsshD+A$XbC8SwSP+fMKiKhP82NCDVN4cibWJwyuVU5SYW1NOME', `last_ip` = '0:0:0:0:0:0:0:1', `creation_date` = 2026-09-13 22:53:39.571, `last_seen` = 2026-09-22 23:17:26.109, `email` = null, `discord` = null, `settings` = '{"settings":[{"value":"en","key":"language"},{"value":"survival","key":"last-server"}],"version":0}' WHERE `ai` = 7" (applied to [last_ip, last_seen, settings] columns)
[2026/09/22 23:17:26 INFO]: The user Dill_Pickle_ has successfully logged in.
[2026/09/22 23:18:52 DEBUG]: [SQLite] [UPDATE]: "UPDATE `nlogin` SET `last_name` = 'Dill_Pickle_', `unique_id` = 0e2c972cf39c37b3b41e956f9e53ef4e,  `mojang_id` = null,  `bedrock_id` = null,  `password` = '$argon2id$v=19$m=32768,t=5,p=1$TqHBztSVhJVMDjbnsshD+A$XbC8SwSP+fMKiKhP82NCDVN4cibWJwyuVU5SYW1NOME', `last_ip` = '0:0:0:0:0:0:0:1', `creation_date` = 2026-09-13 22:53:39.571, `last_seen` = 2026-09-22 23:18:52.984, `email` = null, `discord` = null, `settings` = '{"settings":[{"value":"en","key":"language"},{"value":"survival","key":"last-server"}],"version":0}' WHERE `ai` = 7" (applied to [last_seen, settings] columns)
[2026/09/22 23:19:21 DEBUG]: [SQLite] [UPDATE]: "UPDATE `nlogin` SET `last_name` = 'ironmanLJM', `unique_id` = d00c14c99ee33788b053a1de57b43b72,  `mojang_id` = null,  `bedrock_id` = null,  `password` = '$argon2id$v=19$m=32768,t=5,p=1$cV1I4x/4v2rpZppSpiSf+Q$aSKt9z1JsOhc50u2apJC4yxw04ExW/N/ThxC+bwFvy4', `last_ip` = '0:0:0:0:0:0:0:1', `creation_date` = 2026-09-09 03:37:34.079, `last_seen` = 2026-09-22 23:19:21.384, `email` = null, `discord` = null, `settings` = '{"settings":[{"value":"survival","key":"last-server"},{"value":"en","key":"language"}],"version":0}' WHERE `ai` = 4" (applied to [last_ip, last_seen, settings] columns)
[2026/09/22 23:19:21 INFO]: The user ironmanLJM has successfully logged in.
[2026/09/22 23:19:26 DEBUG]: [SQLite] [UPDATE]: "UPDATE `nlogin` SET `last_name` = 'ironmanLJM', `unique_id` = d00c14c99ee33788b053a1de57b43b72,  `mojang_id` = null,  `bedrock_id` = null,  `password` = '$argon2id$v=19$m=32768,t=5,p=1$cV1I4x/4v2rpZppSpiSf+Q$aSKt9z1JsOhc50u2apJC4yxw04ExW/N/ThxC+bwFvy4', `last_ip` = '0:0:0:0:0:0:0:1', `creation_date` = 2026-09-09 03:37:34.079, `last_seen` = 2026-09-22 23:19:26.973, `email` = null, `discord` = null, `settings` = '{"settings":[{"value":"survival","key":"last-server"},{"value":"en","key":"language"}],"version":0}' WHERE `ai` = 4" (applied to [last_seen, settings] columns)
[2026/09/22 23:19:48 INFO]: Successful plugin core shutdown (took 0.00s)
