[2026/09/13 22:51:50 INFO]:           __             _       
[2026/09/13 22:51:50 INFO]:   _ __   / /  ___   __ _(_)_ __  
[2026/09/13 22:51:50 INFO]:  | '_ \ / /  / _ \ / _` | | '_ \ 
[2026/09/13 22:51:50 INFO]:  | | | / /__| (_) | (_| | | | | |
[2026/09/13 22:51:50 INFO]:  |_| |_\____/\___/ \__, |_|_| |_|
[2026/09/13 22:51:50 INFO]:                   |___/            
[2026/09/13 22:51:50 INFO]:  By: www.nickuc.com - V 2.0.19
[2026/09/13 22:51:50 INFO]:  
[2026/09/13 22:51:50 DEBUG]: Loading the messages_en.yml message file...
[2026/09/13 22:51:50 DEBUG]: Messages were loaded in 284 ms (single file).
[2026/09/13 22:51:50 DEBUG]: Settings were loaded in 394 ms.
[2026/09/13 22:51:50 DEBUG]: Loading database...
[2026/09/13 22:51:51 DEBUG]: Starting logger filter...
[2026/09/13 22:51:51 INFO]: Loading packetevents-velocity 2.13.0...
[2026/09/13 22:53:38 DEBUG]: [SQLite] [UPDATE]: "UPDATE `nlogin` SET `last_name` = 'ironmanLJM', `unique_id` = d00c14c99ee33788b053a1de57b43b72,  `mojang_id` = null,  `bedrock_id` = null,  `password` = '$argon2id$v=19$m=32768,t=5,p=1$cV1I4x/4v2rpZppSpiSf+Q$aSKt9z1JsOhc50u2apJC4yxw04ExW/N/ThxC+bwFvy4', `last_ip` = '0:0:0:0:0:0:0:1', `creation_date` = 2026-09-09 03:37:34.079, `last_seen` = 2026-09-13 22:53:38.268, `email` = null, `discord` = null, `settings` = '{"settings":[{"value":"survival","key":"last-server"},{"value":"en","key":"language"}],"version":0}' WHERE `ai` = 4" (applied to [last_ip, last_seen, settings] columns)
[2026/09/13 22:53:38 INFO]: The user ironmanLJM has successfully logged in.
[2026/09/13 22:53:39 DEBUG]: [SQLite] [UPDATE]: "INSERT INTO `nlogin` (`last_name`, `unique_id`, `mojang_id`, `bedrock_id`, `password`, `last_ip`, `creation_date`, `last_seen`, `email`, `discord`, `settings`) VALUES ('Dill_Pickle_', 0e2c972cf39c37b3b41e956f9e53ef4e, null, null, '$argon2id$v=19$m=32768,t=5,p=1$TqHBztSVhJVMDjbnsshD+A$XbC8SwSP+fMKiKhP82NCDVN4cibWJwyuVU5SYW1NOME', '0:0:0:0:0:0:0:1', '2026-09-13 22:53:39.571', '2026-09-13 22:53:39.571', null, null, '{"settings":[{"value":true,"key":"force-invalid-session"}],"version":0}')" (applied to all columns)
[2026/09/13 22:53:39 INFO]: The user Dill_Pickle_ has successfully registered.
[2026/09/13 22:55:15 DEBUG]: [SQLite] [UPDATE]: "UPDATE `nlogin` SET `last_name` = 'ironmanLJM', `unique_id` = d00c14c99ee33788b053a1de57b43b72,  `mojang_id` = null,  `bedrock_id` = null,  `password` = '$argon2id$v=19$m=32768,t=5,p=1$cV1I4x/4v2rpZppSpiSf+Q$aSKt9z1JsOhc50u2apJC4yxw04ExW/N/ThxC+bwFvy4', `last_ip` = '0:0:0:0:0:0:0:1', `creation_date` = 2026-09-09 03:37:34.079, `last_seen` = 2026-09-13 22:55:15.213, `email` = null, `discord` = null, `settings` = '{"settings":[{"value":"survival","key":"last-server"},{"value":"en","key":"language"}],"version":0}' WHERE `ai` = 4" (applied to [last_seen, settings] columns)
[2026/09/13 22:58:15 DEBUG]: [SQLite] [UPDATE]: "UPDATE `nlogin` SET `last_name` = 'ironmanLJM', `unique_id` = d00c14c99ee33788b053a1de57b43b72,  `mojang_id` = null,  `bedrock_id` = null,  `password` = '$argon2id$v=19$m=32768,t=5,p=1$cV1I4x/4v2rpZppSpiSf+Q$aSKt9z1JsOhc50u2apJC4yxw04ExW/N/ThxC+bwFvy4', `last_ip` = '0:0:0:0:0:0:0:1', `creation_date` = 2026-09-09 03:37:34.079, `last_seen` = 2026-09-13 22:58:15.432, `email` = null, `discord` = null, `settings` = '{"settings":[{"value":"survival","key":"last-server"},{"value":"en","key":"language"}],"version":0}' WHERE `ai` = 4" (applied to [last_ip, last_seen, settings] columns)
[2026/09/13 22:58:15 INFO]: The user ironmanLJM has successfully logged in.
[2026/09/13 23:09:41 DEBUG]: [SQLite] [UPDATE]: "UPDATE `nlogin` SET `last_name` = 'ironmanLJM', `unique_id` = d00c14c99ee33788b053a1de57b43b72,  `mojang_id` = null,  `bedrock_id` = null,  `password` = '$argon2id$v=19$m=32768,t=5,p=1$cV1I4x/4v2rpZppSpiSf+Q$aSKt9z1JsOhc50u2apJC4yxw04ExW/N/ThxC+bwFvy4', `last_ip` = '0:0:0:0:0:0:0:1', `creation_date` = 2026-09-09 03:37:34.079, `last_seen` = 2026-09-13 23:09:41.44, `email` = null, `discord` = null, `settings` = '{"settings":[{"value":"survival","key":"last-server"},{"value":"en","key":"language"}],"version":0}' WHERE `ai` = 4" (applied to [last_seen, settings] columns)
[2026/09/13 23:09:50 DEBUG]: [SQLite] [UPDATE]: "UPDATE `nlogin` SET `last_name` = 'Dill_Pickle_', `unique_id` = 0e2c972cf39c37b3b41e956f9e53ef4e,  `mojang_id` = null,  `bedrock_id` = null,  `password` = '$argon2id$v=19$m=32768,t=5,p=1$TqHBztSVhJVMDjbnsshD+A$XbC8SwSP+fMKiKhP82NCDVN4cibWJwyuVU5SYW1NOME', `last_ip` = '0:0:0:0:0:0:0:1', `creation_date` = 2026-09-13 22:53:39.571, `last_seen` = 2026-09-13 23:09:50.451, `email` = null, `discord` = null, `settings` = '{"settings":[{"value":true,"key":"force-invalid-session"},{"value":"en","key":"language"}],"version":0}' WHERE `ai` = 7" (applied to [last_seen, settings] columns)
[2026/09/13 23:09:55 INFO]: Successful plugin core shutdown (took 0.00s)
