[2026/09/18 22:25:57 INFO]:           __             _       
[2026/09/18 22:25:57 INFO]:   _ __   / /  ___   __ _(_)_ __  
[2026/09/18 22:25:57 INFO]:  | '_ \ / /  / _ \ / _` | | '_ \ 
[2026/09/18 22:25:57 INFO]:  | | | / /__| (_) | (_| | | | | |
[2026/09/18 22:25:57 INFO]:  |_| |_\____/\___/ \__, |_|_| |_|
[2026/09/18 22:25:57 INFO]:                   |___/            
[2026/09/18 22:25:57 INFO]:  By: www.nickuc.com - V 2.0.19
[2026/09/18 22:25:57 INFO]:  
[2026/09/18 22:25:58 DEBUG]: Loading the messages_en.yml message file...
[2026/09/18 22:25:58 DEBUG]: Messages were loaded in 248 ms (single file).
[2026/09/18 22:25:58 DEBUG]: Settings were loaded in 371 ms.
[2026/09/18 22:25:58 DEBUG]: Loading database...
[2026/09/18 22:25:58 DEBUG]: Starting logger filter...
[2026/09/18 22:25:58 INFO]: Loading packetevents-velocity 2.13.0...
[2026/09/18 22:26:39 DEBUG]: [SQLite] [UPDATE]: "UPDATE `nlogin` SET `last_name` = 'ironmanLJM', `unique_id` = d00c14c99ee33788b053a1de57b43b72,  `mojang_id` = null,  `bedrock_id` = null,  `password` = '$argon2id$v=19$m=32768,t=5,p=1$cV1I4x/4v2rpZppSpiSf+Q$aSKt9z1JsOhc50u2apJC4yxw04ExW/N/ThxC+bwFvy4', `last_ip` = '0:0:0:0:0:0:0:1', `creation_date` = 2026-09-09 03:37:34.079, `last_seen` = 2026-09-18 22:26:39.666, `email` = null, `discord` = null, `settings` = '{"settings":[{"value":"survival","key":"last-server"},{"value":"en","key":"language"}],"version":0}' WHERE `ai` = 4" (applied to [last_ip, last_seen, settings] columns)
[2026/09/18 22:26:39 INFO]: The user ironmanLJM has successfully logged in.
[2026/09/18 22:29:52 DEBUG]: [SQLite] [UPDATE]: "UPDATE `nlogin` SET `last_name` = 'ironmanLJM', `unique_id` = d00c14c99ee33788b053a1de57b43b72,  `mojang_id` = null,  `bedrock_id` = null,  `password` = '$argon2id$v=19$m=32768,t=5,p=1$cV1I4x/4v2rpZppSpiSf+Q$aSKt9z1JsOhc50u2apJC4yxw04ExW/N/ThxC+bwFvy4', `last_ip` = '0:0:0:0:0:0:0:1', `creation_date` = 2026-09-09 03:37:34.079, `last_seen` = 2026-09-18 22:29:52.543, `email` = null, `discord` = null, `settings` = '{"settings":[{"value":"survival","key":"last-server"},{"value":"en","key":"language"}],"version":0}' WHERE `ai` = 4" (applied to [last_seen, settings] columns)
[2026/09/18 22:31:12 DEBUG]: [SQLite] [UPDATE]: "UPDATE `nlogin` SET `last_name` = 'Dill_Pickle_', `unique_id` = 0e2c972cf39c37b3b41e956f9e53ef4e,  `mojang_id` = null,  `bedrock_id` = null,  `password` = '$argon2id$v=19$m=32768,t=5,p=1$TqHBztSVhJVMDjbnsshD+A$XbC8SwSP+fMKiKhP82NCDVN4cibWJwyuVU5SYW1NOME', `last_ip` = '0:0:0:0:0:0:0:1', `creation_date` = 2026-09-13 22:53:39.571, `last_seen` = 2026-09-18 22:31:12.472, `email` = null, `discord` = null, `settings` = '{"settings":[{"value":"en","key":"language"},{"value":"survival","key":"last-server"}],"version":0}' WHERE `ai` = 7" (applied to [last_ip, last_seen, settings] columns)
[2026/09/18 22:31:12 INFO]: The user Dill_Pickle_ has successfully logged in.
[2026/09/18 22:32:59 DEBUG]: [SQLite] [UPDATE]: "UPDATE `nlogin` SET `last_name` = 'ironmanLJM', `unique_id` = d00c14c99ee33788b053a1de57b43b72,  `mojang_id` = null,  `bedrock_id` = null,  `password` = '$argon2id$v=19$m=32768,t=5,p=1$cV1I4x/4v2rpZppSpiSf+Q$aSKt9z1JsOhc50u2apJC4yxw04ExW/N/ThxC+bwFvy4', `last_ip` = '0:0:0:0:0:0:0:1', `creation_date` = 2026-09-09 03:37:34.079, `last_seen` = 2026-09-18 22:32:59.399, `email` = null, `discord` = null, `settings` = '{"settings":[{"value":"survival","key":"last-server"},{"value":"en","key":"language"}],"version":0}' WHERE `ai` = 4" (applied to [last_ip, last_seen, settings] columns)
[2026/09/18 22:32:59 INFO]: The user ironmanLJM has successfully logged in.
[2026/09/18 22:45:46 DEBUG]: [SQLite] [UPDATE]: "UPDATE `nlogin` SET `last_name` = 'blueberryhill', `unique_id` = c7354076f9103f838e34cbe09ec4023d,  `mojang_id` = null,  `bedrock_id` = null,  `password` = '$argon2id$v=19$m=32768,t=5,p=1$baSqx/mkxBXz/602zaITOw$MqTAYOc15nluHPOD1VMR1ITdMyEg51/ZIoHflOaQRVU', `last_ip` = '0:0:0:0:0:0:0:1', `creation_date` = 2026-09-15 03:34:06.582, `last_seen` = 2026-09-18 22:45:46.001, `email` = null, `discord` = null, `settings` = '{"settings":[{"value":"survival","key":"last-server"},{"value":"en","key":"language"}],"version":0}' WHERE `ai` = 10" (applied to [last_ip, last_seen, settings] columns)
[2026/09/18 22:45:46 INFO]: The user blueberryhill has successfully logged in.
[2026/09/18 22:46:50 DEBUG]: [SQLite] [UPDATE]: "UPDATE `nlogin` SET `last_name` = 'blueberryhill', `unique_id` = c7354076f9103f838e34cbe09ec4023d,  `mojang_id` = null,  `bedrock_id` = null,  `password` = '$argon2id$v=19$m=32768,t=5,p=1$baSqx/mkxBXz/602zaITOw$MqTAYOc15nluHPOD1VMR1ITdMyEg51/ZIoHflOaQRVU', `last_ip` = '0:0:0:0:0:0:0:1', `creation_date` = 2026-09-15 03:34:06.582, `last_seen` = 2026-09-18 22:46:50.3, `email` = null, `discord` = null, `settings` = '{"settings":[{"value":"survival","key":"last-server"},{"value":"en","key":"language"}],"version":0}' WHERE `ai` = 10" (applied to [last_seen, settings] columns)
[2026/09/18 22:47:35 DEBUG]: [SQLite] [UPDATE]: "UPDATE `nlogin` SET `last_name` = 'blueberryhill', `unique_id` = c7354076f9103f838e34cbe09ec4023d,  `mojang_id` = null,  `bedrock_id` = null,  `password` = '$argon2id$v=19$m=32768,t=5,p=1$baSqx/mkxBXz/602zaITOw$MqTAYOc15nluHPOD1VMR1ITdMyEg51/ZIoHflOaQRVU', `last_ip` = '0:0:0:0:0:0:0:1', `creation_date` = 2026-09-15 03:34:06.582, `last_seen` = 2026-09-18 22:47:35.301, `email` = null, `discord` = null, `settings` = '{"settings":[{"value":"survival","key":"last-server"},{"value":"en","key":"language"}],"version":0}' WHERE `ai` = 10" (applied to [last_ip, last_seen, settings] columns)
[2026/09/18 22:47:35 INFO]: The user blueberryhill has successfully logged in.
[2026/09/18 22:47:38 DEBUG]: [SQLite] [UPDATE]: "UPDATE `nlogin` SET `last_name` = 'Dill_Pickle_', `unique_id` = 0e2c972cf39c37b3b41e956f9e53ef4e,  `mojang_id` = null,  `bedrock_id` = null,  `password` = '$argon2id$v=19$m=32768,t=5,p=1$TqHBztSVhJVMDjbnsshD+A$XbC8SwSP+fMKiKhP82NCDVN4cibWJwyuVU5SYW1NOME', `last_ip` = '0:0:0:0:0:0:0:1', `creation_date` = 2026-09-13 22:53:39.571, `last_seen` = 2026-09-18 22:47:38.095, `email` = null, `discord` = null, `settings` = '{"settings":[{"value":"en","key":"language"},{"value":"survival","key":"last-server"}],"version":0}' WHERE `ai` = 7" (applied to [last_seen, settings] columns)
[2026/09/18 22:48:12 DEBUG]: [SQLite] [UPDATE]: "UPDATE `nlogin` SET `last_name` = 'Dill_Pickle_', `unique_id` = 0e2c972cf39c37b3b41e956f9e53ef4e,  `mojang_id` = null,  `bedrock_id` = null,  `password` = '$argon2id$v=19$m=32768,t=5,p=1$TqHBztSVhJVMDjbnsshD+A$XbC8SwSP+fMKiKhP82NCDVN4cibWJwyuVU5SYW1NOME', `last_ip` = '0:0:0:0:0:0:0:1', `creation_date` = 2026-09-13 22:53:39.571, `last_seen` = 2026-09-18 22:48:12.619, `email` = null, `discord` = null, `settings` = '{"settings":[{"value":"en","key":"language"},{"value":"survival","key":"last-server"}],"version":0}' WHERE `ai` = 7" (applied to [last_ip, last_seen, settings] columns)
[2026/09/18 22:48:12 INFO]: The user Dill_Pickle_ has successfully logged in.
[2026/09/18 22:55:32 DEBUG]: [SQLite] [UPDATE]: "UPDATE `nlogin` SET `last_name` = 'blueberryhill', `unique_id` = c7354076f9103f838e34cbe09ec4023d,  `mojang_id` = null,  `bedrock_id` = null,  `password` = '$argon2id$v=19$m=32768,t=5,p=1$baSqx/mkxBXz/602zaITOw$MqTAYOc15nluHPOD1VMR1ITdMyEg51/ZIoHflOaQRVU', `last_ip` = '0:0:0:0:0:0:0:1', `creation_date` = 2026-09-15 03:34:06.582, `last_seen` = 2026-09-18 22:55:32.846, `email` = null, `discord` = null, `settings` = '{"settings":[{"value":"survival","key":"last-server"},{"value":"en","key":"language"}],"version":0}' WHERE `ai` = 10" (applied to [last_seen, settings] columns)
[2026/09/18 22:57:18 DEBUG]: [SQLite] [UPDATE]: "UPDATE `nlogin` SET `last_name` = 'blueberryhill', `unique_id` = c7354076f9103f838e34cbe09ec4023d,  `mojang_id` = null,  `bedrock_id` = null,  `password` = '$argon2id$v=19$m=32768,t=5,p=1$baSqx/mkxBXz/602zaITOw$MqTAYOc15nluHPOD1VMR1ITdMyEg51/ZIoHflOaQRVU', `last_ip` = '0:0:0:0:0:0:0:1', `creation_date` = 2026-09-15 03:34:06.582, `last_seen` = 2026-09-18 22:57:18.882, `email` = null, `discord` = null, `settings` = '{"settings":[{"value":"survival","key":"last-server"},{"value":"en","key":"language"}],"version":0}' WHERE `ai` = 10" (applied to [last_ip, last_seen, settings] columns)
[2026/09/18 22:57:18 INFO]: The user blueberryhill has successfully logged in.
[2026/09/18 23:21:04 DEBUG]: [SQLite] [UPDATE]: "UPDATE `nlogin` SET `last_name` = 'Dill_Pickle_', `unique_id` = 0e2c972cf39c37b3b41e956f9e53ef4e,  `mojang_id` = null,  `bedrock_id` = null,  `password` = '$argon2id$v=19$m=32768,t=5,p=1$TqHBztSVhJVMDjbnsshD+A$XbC8SwSP+fMKiKhP82NCDVN4cibWJwyuVU5SYW1NOME', `last_ip` = '0:0:0:0:0:0:0:1', `creation_date` = 2026-09-13 22:53:39.571, `last_seen` = 2026-09-18 23:21:04.344, `email` = null, `discord` = null, `settings` = '{"settings":[{"value":"en","key":"language"},{"value":"survival","key":"last-server"}],"version":0}' WHERE `ai` = 7" (applied to [last_seen, settings] columns)
[2026/09/18 23:28:17 DEBUG]: The Dill_Pickle_ (0:0:0:0:0:0:0:1) player entered an incorrect password
[2026/09/18 23:28:27 DEBUG]: [SQLite] [UPDATE]: "UPDATE `nlogin` SET `last_name` = 'ironmanLJM', `unique_id` = d00c14c99ee33788b053a1de57b43b72,  `mojang_id` = null,  `bedrock_id` = null,  `password` = '$argon2id$v=19$m=32768,t=5,p=1$cV1I4x/4v2rpZppSpiSf+Q$aSKt9z1JsOhc50u2apJC4yxw04ExW/N/ThxC+bwFvy4', `last_ip` = '0:0:0:0:0:0:0:1', `creation_date` = 2026-09-09 03:37:34.079, `last_seen` = 2026-09-18 23:28:27.44, `email` = null, `discord` = null, `settings` = '{"settings":[{"value":"survival","key":"last-server"},{"value":"en","key":"language"}],"version":0}' WHERE `ai` = 4" (applied to [last_seen, settings] columns)
[2026/09/18 23:28:29 DEBUG]: [SQLite] [UPDATE]: "UPDATE `nlogin` SET `last_name` = 'Dill_Pickle_', `unique_id` = 0e2c972cf39c37b3b41e956f9e53ef4e,  `mojang_id` = null,  `bedrock_id` = null,  `password` = '$argon2id$v=19$m=32768,t=5,p=1$TqHBztSVhJVMDjbnsshD+A$XbC8SwSP+fMKiKhP82NCDVN4cibWJwyuVU5SYW1NOME', `last_ip` = '0:0:0:0:0:0:0:1', `creation_date` = 2026-09-13 22:53:39.571, `last_seen` = 2026-09-18 23:28:29.371, `email` = null, `discord` = null, `settings` = '{"settings":[{"value":"en","key":"language"},{"value":"survival","key":"last-server"}],"version":0}' WHERE `ai` = 7" (applied to [last_ip, last_seen, settings] columns)
[2026/09/18 23:28:29 INFO]: The user Dill_Pickle_ has successfully logged in.
[2026/09/18 23:29:52 DEBUG]: [SQLite] [UPDATE]: "UPDATE `nlogin` SET `last_name` = 'ironmanLJM', `unique_id` = d00c14c99ee33788b053a1de57b43b72,  `mojang_id` = null,  `bedrock_id` = null,  `password` = '$argon2id$v=19$m=32768,t=5,p=1$cV1I4x/4v2rpZppSpiSf+Q$aSKt9z1JsOhc50u2apJC4yxw04ExW/N/ThxC+bwFvy4', `last_ip` = '0:0:0:0:0:0:0:1', `creation_date` = 2026-09-09 03:37:34.079, `last_seen` = 2026-09-18 23:29:52.973, `email` = null, `discord` = null, `settings` = '{"settings":[{"value":"survival","key":"last-server"},{"value":"en","key":"language"}],"version":0}' WHERE `ai` = 4" (applied to [last_ip, last_seen, settings] columns)
[2026/09/18 23:29:52 INFO]: The user ironmanLJM has successfully logged in.
